---
source: crates/forget_hermes_parser/tests/parser_test.rs
expression: "format!(\"Input:\\n{input}\\n\\nOutput:\\n{output}\")"
input_file: crates/forget_hermes_parser/tests/fixtures/lambda-reassign-shadowed-primitive.js
---
Input:
function Component() {
  const x = {};
  {
    let x = 56;
    const fn = function () {
      x = 42;
    };
    fn();
  }
  return x; // should return {}
}


Output:
{
  "type": "Program",
  "body": [
    {
      "type": "FunctionDeclaration",
      "id": {
        "type": "Identifier",
        "name": "Component",
        "typeAnnotation": null,
        "loc": null,
        "range": {
          "start": 9,
          "end": 18
        }
      },
      "params": [],
      "body": {
        "type": "BlockStatement",
        "body": [
          {
            "type": "VariableDeclaration",
            "kind": "const",
            "declarations": [
              {
                "type": "VariableDeclarator",
                "id": {
                  "type": "Identifier",
                  "name": "x",
                  "typeAnnotation": null,
                  "loc": null,
                  "range": {
                    "start": 31,
                    "end": 32
                  }
                },
                "init": {
                  "type": "ObjectExpression",
                  "properties": [],
                  "loc": null,
                  "range": {
                    "start": 35,
                    "end": 37
                  }
                },
                "loc": null,
                "range": {
                  "start": 31,
                  "end": 37
                }
              }
            ],
            "loc": null,
            "range": {
              "start": 25,
              "end": 38
            }
          },
          {
            "type": "BlockStatement",
            "body": [
              {
                "type": "VariableDeclaration",
                "kind": "let",
                "declarations": [
                  {
                    "type": "VariableDeclarator",
                    "id": {
                      "type": "Identifier",
                      "name": "x",
                      "typeAnnotation": null,
                      "loc": null,
                      "range": {
                        "start": 51,
                        "end": 52
                      }
                    },
                    "init": {
                      "type": "NumericLiteral",
                      "value": 56.0,
                      "loc": null,
                      "range": {
                        "start": 55,
                        "end": 57
                      }
                    },
                    "loc": null,
                    "range": {
                      "start": 51,
                      "end": 57
                    }
                  }
                ],
                "loc": null,
                "range": {
                  "start": 47,
                  "end": 58
                }
              },
              {
                "type": "VariableDeclaration",
                "kind": "const",
                "declarations": [
                  {
                    "type": "VariableDeclarator",
                    "id": {
                      "type": "Identifier",
                      "name": "fn",
                      "typeAnnotation": null,
                      "loc": null,
                      "range": {
                        "start": 69,
                        "end": 71
                      }
                    },
                    "init": {
                      "type": "FunctionExpression",
                      "id": null,
                      "params": [],
                      "body": {
                        "type": "BlockStatement",
                        "body": [
                          {
                            "type": "ExpressionStatement",
                            "expression": {
                              "type": "AssignmentExpression",
                              "operator": "=",
                              "left": {
                                "type": "Identifier",
                                "name": "x",
                                "typeAnnotation": null,
                                "loc": null,
                                "range": {
                                  "start": 94,
                                  "end": 95
                                }
                              },
                              "right": {
                                "type": "NumericLiteral",
                                "value": 42.0,
                                "loc": null,
                                "range": {
                                  "start": 98,
                                  "end": 100
                                }
                              },
                              "loc": null,
                              "range": {
                                "start": 94,
                                "end": 100
                              }
                            },
                            "directive": null,
                            "loc": null,
                            "range": {
                              "start": 94,
                              "end": 101
                            }
                          }
                        ],
                        "loc": null,
                        "range": {
                          "start": 86,
                          "end": 107
                        }
                      },
                      "generator": false,
                      "async": false,
                      "loc": null,
                      "range": {
                        "start": 74,
                        "end": 107
                      },
                      "loc": null,
                      "range": {
                        "start": 74,
                        "end": 107
                      }
                    },
                    "loc": null,
                    "range": {
                      "start": 69,
                      "end": 107
                    }
                  }
                ],
                "loc": null,
                "range": {
                  "start": 63,
                  "end": 108
                }
              },
              {
                "type": "ExpressionStatement",
                "expression": {
                  "type": "CallExpression",
                  "callee": {
                    "type": "Identifier",
                    "name": "fn",
                    "typeAnnotation": null,
                    "loc": null,
                    "range": {
                      "start": 113,
                      "end": 115
                    }
                  },
                  "arguments": [],
                  "loc": null,
                  "range": {
                    "start": 113,
                    "end": 117
                  }
                },
                "directive": null,
                "loc": null,
                "range": {
                  "start": 113,
                  "end": 118
                }
              }
            ],
            "loc": null,
            "range": {
              "start": 41,
              "end": 122
            }
          },
          {
            "type": "ReturnStatement",
            "argument": {
              "type": "Identifier",
              "name": "x",
              "typeAnnotation": null,
              "loc": null,
              "range": {
                "start": 132,
                "end": 133
              }
            },
            "loc": null,
            "range": {
              "start": 125,
              "end": 134
            }
          }
        ],
        "loc": null,
        "range": {
          "start": 21,
          "end": 156
        }
      },
      "generator": false,
      "async": false,
      "loc": null,
      "range": {
        "start": 0,
        "end": 156
      },
      "loc": null,
      "range": {
        "start": 0,
        "end": 156
      }
    }
  ],
  "sourceType": "script",
  "loc": null,
  "range": {
    "start": 0,
    "end": 156
  }
}
