---
source: crates/forget_hermes_parser/tests/parser_test.rs
expression: "format!(\"Input:\\n{input}\\n\\nOutput:\\n{output}\")"
input_file: crates/forget_hermes_parser/tests/fixtures/destructuring-assignment-array-default.js
---
Input:
function Component(props) {
  let x;
  if (props.cond) {
    [[x] = ["default"]] = props.y;
  } else {
    x = props.fallback;
  }
  return x;
}


Output:
{
  "type": "Program",
  "body": [
    {
      "type": "FunctionDeclaration",
      "id": {
        "type": "Identifier",
        "name": "Component",
        "typeAnnotation": null,
        "loc": null,
        "range": {
          "start": 9,
          "end": 18
        }
      },
      "params": [
        {
          "type": "Identifier",
          "name": "props",
          "typeAnnotation": null,
          "loc": null,
          "range": {
            "start": 19,
            "end": 24
          }
        }
      ],
      "body": {
        "type": "BlockStatement",
        "body": [
          {
            "type": "VariableDeclaration",
            "kind": "let",
            "declarations": [
              {
                "type": "VariableDeclarator",
                "id": {
                  "type": "Identifier",
                  "name": "x",
                  "typeAnnotation": null,
                  "loc": null,
                  "range": {
                    "start": 34,
                    "end": 35
                  }
                },
                "init": null,
                "loc": null,
                "range": {
                  "start": 34,
                  "end": 35
                }
              }
            ],
            "loc": null,
            "range": {
              "start": 30,
              "end": 36
            }
          },
          {
            "type": "IfStatement",
            "test": {
              "type": "MemberExpression",
              "object": {
                "type": "Identifier",
                "name": "props",
                "typeAnnotation": null,
                "loc": null,
                "range": {
                  "start": 43,
                  "end": 48
                }
              },
              "property": {
                "type": "Identifier",
                "name": "cond",
                "typeAnnotation": null,
                "loc": null,
                "range": {
                  "start": 49,
                  "end": 53
                }
              },
              "computed": false,
              "loc": null,
              "range": {
                "start": 43,
                "end": 53
              }
            },
            "consequent": {
              "type": "BlockStatement",
              "body": [
                {
                  "type": "ExpressionStatement",
                  "expression": {
                    "type": "AssignmentExpression",
                    "operator": "=",
                    "left": {
                      "type": "ArrayPattern",
                      "elements": [
                        {
                          "type": "AssignmentPattern",
                          "left": {
                            "type": "ArrayPattern",
                            "elements": [
                              {
                                "type": "Identifier",
                                "name": "x",
                                "typeAnnotation": null,
                                "loc": null,
                                "range": {
                                  "start": 63,
                                  "end": 64
                                }
                              }
                            ],
                            "loc": null,
                            "range": {
                              "start": 62,
                              "end": 65
                            }
                          },
                          "right": {
                            "type": "ArrayExpression",
                            "elements": [
                              {
                                "type": "StringLiteral",
                                "value": "default",
                                "loc": null,
                                "range": {
                                  "start": 69,
                                  "end": 78
                                }
                              }
                            ],
                            "loc": null,
                            "range": {
                              "start": 68,
                              "end": 79
                            }
                          },
                          "loc": null,
                          "range": {
                            "start": 62,
                            "end": 79
                          }
                        }
                      ],
                      "loc": null,
                      "range": {
                        "start": 61,
                        "end": 80
                      }
                    },
                    "right": {
                      "type": "MemberExpression",
                      "object": {
                        "type": "Identifier",
                        "name": "props",
                        "typeAnnotation": null,
                        "loc": null,
                        "range": {
                          "start": 83,
                          "end": 88
                        }
                      },
                      "property": {
                        "type": "Identifier",
                        "name": "y",
                        "typeAnnotation": null,
                        "loc": null,
                        "range": {
                          "start": 89,
                          "end": 90
                        }
                      },
                      "computed": false,
                      "loc": null,
                      "range": {
                        "start": 83,
                        "end": 90
                      }
                    },
                    "loc": null,
                    "range": {
                      "start": 61,
                      "end": 90
                    }
                  },
                  "directive": null,
                  "loc": null,
                  "range": {
                    "start": 61,
                    "end": 91
                  }
                }
              ],
              "loc": null,
              "range": {
                "start": 55,
                "end": 95
              }
            },
            "alternate": {
              "type": "BlockStatement",
              "body": [
                {
                  "type": "ExpressionStatement",
                  "expression": {
                    "type": "AssignmentExpression",
                    "operator": "=",
                    "left": {
                      "type": "Identifier",
                      "name": "x",
                      "typeAnnotation": null,
                      "loc": null,
                      "range": {
                        "start": 107,
                        "end": 108
                      }
                    },
                    "right": {
                      "type": "MemberExpression",
                      "object": {
                        "type": "Identifier",
                        "name": "props",
                        "typeAnnotation": null,
                        "loc": null,
                        "range": {
                          "start": 111,
                          "end": 116
                        }
                      },
                      "property": {
                        "type": "Identifier",
                        "name": "fallback",
                        "typeAnnotation": null,
                        "loc": null,
                        "range": {
                          "start": 117,
                          "end": 125
                        }
                      },
                      "computed": false,
                      "loc": null,
                      "range": {
                        "start": 111,
                        "end": 125
                      }
                    },
                    "loc": null,
                    "range": {
                      "start": 107,
                      "end": 125
                    }
                  },
                  "directive": null,
                  "loc": null,
                  "range": {
                    "start": 107,
                    "end": 126
                  }
                }
              ],
              "loc": null,
              "range": {
                "start": 101,
                "end": 130
              }
            },
            "loc": null,
            "range": {
              "start": 39,
              "end": 130
            }
          },
          {
            "type": "ReturnStatement",
            "argument": {
              "type": "Identifier",
              "name": "x",
              "typeAnnotation": null,
              "loc": null,
              "range": {
                "start": 140,
                "end": 141
              }
            },
            "loc": null,
            "range": {
              "start": 133,
              "end": 142
            }
          }
        ],
        "loc": null,
        "range": {
          "start": 26,
          "end": 144
        }
      },
      "generator": false,
      "async": false,
      "loc": null,
      "range": {
        "start": 0,
        "end": 144
      },
      "loc": null,
      "range": {
        "start": 0,
        "end": 144
      }
    }
  ],
  "sourceType": "script",
  "loc": null,
  "range": {
    "start": 0,
    "end": 144
  }
}
