---
source: crates/forget_hermes_parser/tests/parser_test.rs
expression: "format!(\"Input:\\n{input}\\n\\nOutput:\\n{output}\")"
input_file: crates/forget_hermes_parser/tests/fixtures/debugger-memoized.js
---
Input:
function Component(props) {
  const x = [];
  debugger;
  x.push(props.value);
  return x;
}


Output:
{
  "type": "Program",
  "body": [
    {
      "type": "FunctionDeclaration",
      "id": {
        "type": "Identifier",
        "name": "Component",
        "typeAnnotation": null,
        "loc": null,
        "range": {
          "start": 9,
          "end": 18
        }
      },
      "params": [
        {
          "type": "Identifier",
          "name": "props",
          "typeAnnotation": null,
          "loc": null,
          "range": {
            "start": 19,
            "end": 24
          }
        }
      ],
      "body": {
        "type": "BlockStatement",
        "body": [
          {
            "type": "VariableDeclaration",
            "kind": "const",
            "declarations": [
              {
                "type": "VariableDeclarator",
                "id": {
                  "type": "Identifier",
                  "name": "x",
                  "typeAnnotation": null,
                  "loc": null,
                  "range": {
                    "start": 36,
                    "end": 37
                  }
                },
                "init": {
                  "type": "ArrayExpression",
                  "elements": [],
                  "loc": null,
                  "range": {
                    "start": 40,
                    "end": 42
                  }
                },
                "loc": null,
                "range": {
                  "start": 36,
                  "end": 42
                }
              }
            ],
            "loc": null,
            "range": {
              "start": 30,
              "end": 43
            }
          },
          {
            "type": "DebuggerStatement",
            "loc": null,
            "range": {
              "start": 46,
              "end": 55
            }
          },
          {
            "type": "ExpressionStatement",
            "expression": {
              "type": "CallExpression",
              "callee": {
                "type": "MemberExpression",
                "object": {
                  "type": "Identifier",
                  "name": "x",
                  "typeAnnotation": null,
                  "loc": null,
                  "range": {
                    "start": 58,
                    "end": 59
                  }
                },
                "property": {
                  "type": "Identifier",
                  "name": "push",
                  "typeAnnotation": null,
                  "loc": null,
                  "range": {
                    "start": 60,
                    "end": 64
                  }
                },
                "computed": false,
                "loc": null,
                "range": {
                  "start": 58,
                  "end": 64
                }
              },
              "arguments": [
                {
                  "type": "MemberExpression",
                  "object": {
                    "type": "Identifier",
                    "name": "props",
                    "typeAnnotation": null,
                    "loc": null,
                    "range": {
                      "start": 65,
                      "end": 70
                    }
                  },
                  "property": {
                    "type": "Identifier",
                    "name": "value",
                    "typeAnnotation": null,
                    "loc": null,
                    "range": {
                      "start": 71,
                      "end": 76
                    }
                  },
                  "computed": false,
                  "loc": null,
                  "range": {
                    "start": 65,
                    "end": 76
                  }
                }
              ],
              "loc": null,
              "range": {
                "start": 58,
                "end": 77
              }
            },
            "directive": null,
            "loc": null,
            "range": {
              "start": 58,
              "end": 78
            }
          },
          {
            "type": "ReturnStatement",
            "argument": {
              "type": "Identifier",
              "name": "x",
              "typeAnnotation": null,
              "loc": null,
              "range": {
                "start": 88,
                "end": 89
              }
            },
            "loc": null,
            "range": {
              "start": 81,
              "end": 90
            }
          }
        ],
        "loc": null,
        "range": {
          "start": 26,
          "end": 92
        }
      },
      "generator": false,
      "async": false,
      "loc": null,
      "range": {
        "start": 0,
        "end": 92
      },
      "loc": null,
      "range": {
        "start": 0,
        "end": 92
      }
    }
  ],
  "sourceType": "script",
  "loc": null,
  "range": {
    "start": 0,
    "end": 92
  }
}
