---
source: crates/forget_hermes_parser/tests/parser_test.rs
expression: "format!(\"Input:\\n{input}\\n\\nOutput:\\n{output}\")"
input_file: crates/forget_hermes_parser/tests/fixtures/capturing-function-1.js
---
Input:
function component(a) {
  let z = { a };
  let x = function () {
    console.log(z);
  };
  return x;
}


Output:
{
  "type": "Program",
  "body": [
    {
      "type": "FunctionDeclaration",
      "id": {
        "type": "Identifier",
        "name": "component",
        "typeAnnotation": null,
        "loc": null,
        "range": {
          "start": 9,
          "end": 18
        }
      },
      "params": [
        {
          "type": "Identifier",
          "name": "a",
          "typeAnnotation": null,
          "loc": null,
          "range": {
            "start": 19,
            "end": 20
          }
        }
      ],
      "body": {
        "type": "BlockStatement",
        "body": [
          {
            "type": "VariableDeclaration",
            "kind": "let",
            "declarations": [
              {
                "type": "VariableDeclarator",
                "id": {
                  "type": "Identifier",
                  "name": "z",
                  "typeAnnotation": null,
                  "loc": null,
                  "range": {
                    "start": 30,
                    "end": 31
                  }
                },
                "init": {
                  "type": "ObjectExpression",
                  "properties": [
                    {
                      "type": "Property",
                      "key": {
                        "type": "Identifier",
                        "name": "a",
                        "typeAnnotation": null,
                        "loc": null,
                        "range": {
                          "start": 36,
                          "end": 37
                        }
                      },
                      "value": {
                        "type": "Identifier",
                        "name": "a",
                        "typeAnnotation": null,
                        "loc": null,
                        "range": {
                          "start": 36,
                          "end": 37
                        }
                      },
                      "kind": "init",
                      "method": false,
                      "shorthand": true,
                      "computed": false,
                      "loc": null,
                      "range": {
                        "start": 36,
                        "end": 37
                      }
                    }
                  ],
                  "loc": null,
                  "range": {
                    "start": 34,
                    "end": 39
                  }
                },
                "loc": null,
                "range": {
                  "start": 30,
                  "end": 39
                }
              }
            ],
            "loc": null,
            "range": {
              "start": 26,
              "end": 40
            }
          },
          {
            "type": "VariableDeclaration",
            "kind": "let",
            "declarations": [
              {
                "type": "VariableDeclarator",
                "id": {
                  "type": "Identifier",
                  "name": "x",
                  "typeAnnotation": null,
                  "loc": null,
                  "range": {
                    "start": 47,
                    "end": 48
                  }
                },
                "init": {
                  "type": "FunctionExpression",
                  "id": null,
                  "params": [],
                  "body": {
                    "type": "BlockStatement",
                    "body": [
                      {
                        "type": "ExpressionStatement",
                        "expression": {
                          "type": "CallExpression",
                          "callee": {
                            "type": "MemberExpression",
                            "object": {
                              "type": "Identifier",
                              "name": "console",
                              "typeAnnotation": null,
                              "loc": null,
                              "range": {
                                "start": 69,
                                "end": 76
                              }
                            },
                            "property": {
                              "type": "Identifier",
                              "name": "log",
                              "typeAnnotation": null,
                              "loc": null,
                              "range": {
                                "start": 77,
                                "end": 80
                              }
                            },
                            "computed": false,
                            "loc": null,
                            "range": {
                              "start": 69,
                              "end": 80
                            }
                          },
                          "arguments": [
                            {
                              "type": "Identifier",
                              "name": "z",
                              "typeAnnotation": null,
                              "loc": null,
                              "range": {
                                "start": 81,
                                "end": 82
                              }
                            }
                          ],
                          "loc": null,
                          "range": {
                            "start": 69,
                            "end": 83
                          }
                        },
                        "directive": null,
                        "loc": null,
                        "range": {
                          "start": 69,
                          "end": 84
                        }
                      }
                    ],
                    "loc": null,
                    "range": {
                      "start": 63,
                      "end": 88
                    }
                  },
                  "generator": false,
                  "async": false,
                  "loc": null,
                  "range": {
                    "start": 51,
                    "end": 88
                  },
                  "loc": null,
                  "range": {
                    "start": 51,
                    "end": 88
                  }
                },
                "loc": null,
                "range": {
                  "start": 47,
                  "end": 88
                }
              }
            ],
            "loc": null,
            "range": {
              "start": 43,
              "end": 89
            }
          },
          {
            "type": "ReturnStatement",
            "argument": {
              "type": "Identifier",
              "name": "x",
              "typeAnnotation": null,
              "loc": null,
              "range": {
                "start": 99,
                "end": 100
              }
            },
            "loc": null,
            "range": {
              "start": 92,
              "end": 101
            }
          }
        ],
        "loc": null,
        "range": {
          "start": 22,
          "end": 103
        }
      },
      "generator": false,
      "async": false,
      "loc": null,
      "range": {
        "start": 0,
        "end": 103
      },
      "loc": null,
      "range": {
        "start": 0,
        "end": 103
      }
    }
  ],
  "sourceType": "script",
  "loc": null,
  "range": {
    "start": 0,
    "end": 103
  }
}
