---
source: crates/forget_hermes_parser/tests/parser_test.rs
expression: "format!(\"Input:\\n{input}\\n\\nOutput:\\n{output}\")"
input_file: crates/forget_hermes_parser/tests/fixtures/array-push-effect.js
---
Input:
// arrayInstance.push should have the following effects:
//  - read on all args (rest parameter)
//  - mutate on receiver
function Component(props) {
  const x = foo(props.x);
  const y = { y: props.y };
  const arr = [];
  arr.push({});
  arr.push(x, y);
  return arr;
}


Output:
{
  "type": "Program",
  "body": [
    {
      "type": "FunctionDeclaration",
      "id": {
        "type": "Identifier",
        "name": "Component",
        "typeAnnotation": null,
        "loc": null,
        "range": {
          "start": 131,
          "end": 140
        }
      },
      "params": [
        {
          "type": "Identifier",
          "name": "props",
          "typeAnnotation": null,
          "loc": null,
          "range": {
            "start": 141,
            "end": 146
          }
        }
      ],
      "body": {
        "type": "BlockStatement",
        "body": [
          {
            "type": "VariableDeclaration",
            "kind": "const",
            "declarations": [
              {
                "type": "VariableDeclarator",
                "id": {
                  "type": "Identifier",
                  "name": "x",
                  "typeAnnotation": null,
                  "loc": null,
                  "range": {
                    "start": 158,
                    "end": 159
                  }
                },
                "init": {
                  "type": "CallExpression",
                  "callee": {
                    "type": "Identifier",
                    "name": "foo",
                    "typeAnnotation": null,
                    "loc": null,
                    "range": {
                      "start": 162,
                      "end": 165
                    }
                  },
                  "arguments": [
                    {
                      "type": "MemberExpression",
                      "object": {
                        "type": "Identifier",
                        "name": "props",
                        "typeAnnotation": null,
                        "loc": null,
                        "range": {
                          "start": 166,
                          "end": 171
                        }
                      },
                      "property": {
                        "type": "Identifier",
                        "name": "x",
                        "typeAnnotation": null,
                        "loc": null,
                        "range": {
                          "start": 172,
                          "end": 173
                        }
                      },
                      "computed": false,
                      "loc": null,
                      "range": {
                        "start": 166,
                        "end": 173
                      }
                    }
                  ],
                  "loc": null,
                  "range": {
                    "start": 162,
                    "end": 174
                  }
                },
                "loc": null,
                "range": {
                  "start": 158,
                  "end": 174
                }
              }
            ],
            "loc": null,
            "range": {
              "start": 152,
              "end": 175
            }
          },
          {
            "type": "VariableDeclaration",
            "kind": "const",
            "declarations": [
              {
                "type": "VariableDeclarator",
                "id": {
                  "type": "Identifier",
                  "name": "y",
                  "typeAnnotation": null,
                  "loc": null,
                  "range": {
                    "start": 184,
                    "end": 185
                  }
                },
                "init": {
                  "type": "ObjectExpression",
                  "properties": [
                    {
                      "type": "Property",
                      "key": {
                        "type": "Identifier",
                        "name": "y",
                        "typeAnnotation": null,
                        "loc": null,
                        "range": {
                          "start": 190,
                          "end": 191
                        }
                      },
                      "value": {
                        "type": "MemberExpression",
                        "object": {
                          "type": "Identifier",
                          "name": "props",
                          "typeAnnotation": null,
                          "loc": null,
                          "range": {
                            "start": 193,
                            "end": 198
                          }
                        },
                        "property": {
                          "type": "Identifier",
                          "name": "y",
                          "typeAnnotation": null,
                          "loc": null,
                          "range": {
                            "start": 199,
                            "end": 200
                          }
                        },
                        "computed": false,
                        "loc": null,
                        "range": {
                          "start": 193,
                          "end": 200
                        }
                      },
                      "kind": "init",
                      "method": false,
                      "shorthand": false,
                      "computed": false,
                      "loc": null,
                      "range": {
                        "start": 190,
                        "end": 200
                      }
                    }
                  ],
                  "loc": null,
                  "range": {
                    "start": 188,
                    "end": 202
                  }
                },
                "loc": null,
                "range": {
                  "start": 184,
                  "end": 202
                }
              }
            ],
            "loc": null,
            "range": {
              "start": 178,
              "end": 203
            }
          },
          {
            "type": "VariableDeclaration",
            "kind": "const",
            "declarations": [
              {
                "type": "VariableDeclarator",
                "id": {
                  "type": "Identifier",
                  "name": "arr",
                  "typeAnnotation": null,
                  "loc": null,
                  "range": {
                    "start": 212,
                    "end": 215
                  }
                },
                "init": {
                  "type": "ArrayExpression",
                  "elements": [],
                  "loc": null,
                  "range": {
                    "start": 218,
                    "end": 220
                  }
                },
                "loc": null,
                "range": {
                  "start": 212,
                  "end": 220
                }
              }
            ],
            "loc": null,
            "range": {
              "start": 206,
              "end": 221
            }
          },
          {
            "type": "ExpressionStatement",
            "expression": {
              "type": "CallExpression",
              "callee": {
                "type": "MemberExpression",
                "object": {
                  "type": "Identifier",
                  "name": "arr",
                  "typeAnnotation": null,
                  "loc": null,
                  "range": {
                    "start": 224,
                    "end": 227
                  }
                },
                "property": {
                  "type": "Identifier",
                  "name": "push",
                  "typeAnnotation": null,
                  "loc": null,
                  "range": {
                    "start": 228,
                    "end": 232
                  }
                },
                "computed": false,
                "loc": null,
                "range": {
                  "start": 224,
                  "end": 232
                }
              },
              "arguments": [
                {
                  "type": "ObjectExpression",
                  "properties": [],
                  "loc": null,
                  "range": {
                    "start": 233,
                    "end": 235
                  }
                }
              ],
              "loc": null,
              "range": {
                "start": 224,
                "end": 236
              }
            },
            "directive": null,
            "loc": null,
            "range": {
              "start": 224,
              "end": 237
            }
          },
          {
            "type": "ExpressionStatement",
            "expression": {
              "type": "CallExpression",
              "callee": {
                "type": "MemberExpression",
                "object": {
                  "type": "Identifier",
                  "name": "arr",
                  "typeAnnotation": null,
                  "loc": null,
                  "range": {
                    "start": 240,
                    "end": 243
                  }
                },
                "property": {
                  "type": "Identifier",
                  "name": "push",
                  "typeAnnotation": null,
                  "loc": null,
                  "range": {
                    "start": 244,
                    "end": 248
                  }
                },
                "computed": false,
                "loc": null,
                "range": {
                  "start": 240,
                  "end": 248
                }
              },
              "arguments": [
                {
                  "type": "Identifier",
                  "name": "x",
                  "typeAnnotation": null,
                  "loc": null,
                  "range": {
                    "start": 249,
                    "end": 250
                  }
                },
                {
                  "type": "Identifier",
                  "name": "y",
                  "typeAnnotation": null,
                  "loc": null,
                  "range": {
                    "start": 252,
                    "end": 253
                  }
                }
              ],
              "loc": null,
              "range": {
                "start": 240,
                "end": 254
              }
            },
            "directive": null,
            "loc": null,
            "range": {
              "start": 240,
              "end": 255
            }
          },
          {
            "type": "ReturnStatement",
            "argument": {
              "type": "Identifier",
              "name": "arr",
              "typeAnnotation": null,
              "loc": null,
              "range": {
                "start": 265,
                "end": 268
              }
            },
            "loc": null,
            "range": {
              "start": 258,
              "end": 269
            }
          }
        ],
        "loc": null,
        "range": {
          "start": 148,
          "end": 271
        }
      },
      "generator": false,
      "async": false,
      "loc": null,
      "range": {
        "start": 122,
        "end": 271
      },
      "loc": null,
      "range": {
        "start": 122,
        "end": 271
      }
    }
  ],
  "sourceType": "script",
  "loc": null,
  "range": {
    "start": 122,
    "end": 271
  }
}
