---
source: crates/forget_hermes_parser/tests/parser_test.rs
expression: "format!(\"Input:\\n{input}\\n\\nOutput:\\n{output}\")"
input_file: crates/forget_hermes_parser/tests/fixtures/overlapping-scopes-interleaved-by-terminal.js
---
Input:
function foo(a, b, c) {
  const x = [];
  const y = [];

  if (x) {
  }

  y.push(a);
  x.push(b);
}


Output:
{
  "type": "Program",
  "body": [
    {
      "type": "FunctionDeclaration",
      "id": {
        "type": "Identifier",
        "name": "foo",
        "typeAnnotation": null,
        "loc": null,
        "range": {
          "start": 9,
          "end": 12
        }
      },
      "params": [
        {
          "type": "Identifier",
          "name": "a",
          "typeAnnotation": null,
          "loc": null,
          "range": {
            "start": 13,
            "end": 14
          }
        },
        {
          "type": "Identifier",
          "name": "b",
          "typeAnnotation": null,
          "loc": null,
          "range": {
            "start": 16,
            "end": 17
          }
        },
        {
          "type": "Identifier",
          "name": "c",
          "typeAnnotation": null,
          "loc": null,
          "range": {
            "start": 19,
            "end": 20
          }
        }
      ],
      "body": {
        "type": "BlockStatement",
        "body": [
          {
            "type": "VariableDeclaration",
            "kind": "const",
            "declarations": [
              {
                "type": "VariableDeclarator",
                "id": {
                  "type": "Identifier",
                  "name": "x",
                  "typeAnnotation": null,
                  "loc": null,
                  "range": {
                    "start": 32,
                    "end": 33
                  }
                },
                "init": {
                  "type": "ArrayExpression",
                  "elements": [],
                  "loc": null,
                  "range": {
                    "start": 36,
                    "end": 38
                  }
                },
                "loc": null,
                "range": {
                  "start": 32,
                  "end": 38
                }
              }
            ],
            "loc": null,
            "range": {
              "start": 26,
              "end": 39
            }
          },
          {
            "type": "VariableDeclaration",
            "kind": "const",
            "declarations": [
              {
                "type": "VariableDeclarator",
                "id": {
                  "type": "Identifier",
                  "name": "y",
                  "typeAnnotation": null,
                  "loc": null,
                  "range": {
                    "start": 48,
                    "end": 49
                  }
                },
                "init": {
                  "type": "ArrayExpression",
                  "elements": [],
                  "loc": null,
                  "range": {
                    "start": 52,
                    "end": 54
                  }
                },
                "loc": null,
                "range": {
                  "start": 48,
                  "end": 54
                }
              }
            ],
            "loc": null,
            "range": {
              "start": 42,
              "end": 55
            }
          },
          {
            "type": "IfStatement",
            "test": {
              "type": "Identifier",
              "name": "x",
              "typeAnnotation": null,
              "loc": null,
              "range": {
                "start": 63,
                "end": 64
              }
            },
            "consequent": {
              "type": "BlockStatement",
              "body": [],
              "loc": null,
              "range": {
                "start": 66,
                "end": 71
              }
            },
            "alternate": null,
            "loc": null,
            "range": {
              "start": 59,
              "end": 71
            }
          },
          {
            "type": "ExpressionStatement",
            "expression": {
              "type": "CallExpression",
              "callee": {
                "type": "MemberExpression",
                "object": {
                  "type": "Identifier",
                  "name": "y",
                  "typeAnnotation": null,
                  "loc": null,
                  "range": {
                    "start": 75,
                    "end": 76
                  }
                },
                "property": {
                  "type": "Identifier",
                  "name": "push",
                  "typeAnnotation": null,
                  "loc": null,
                  "range": {
                    "start": 77,
                    "end": 81
                  }
                },
                "computed": false,
                "loc": null,
                "range": {
                  "start": 75,
                  "end": 81
                }
              },
              "arguments": [
                {
                  "type": "Identifier",
                  "name": "a",
                  "typeAnnotation": null,
                  "loc": null,
                  "range": {
                    "start": 82,
                    "end": 83
                  }
                }
              ],
              "loc": null,
              "range": {
                "start": 75,
                "end": 84
              }
            },
            "directive": null,
            "loc": null,
            "range": {
              "start": 75,
              "end": 85
            }
          },
          {
            "type": "ExpressionStatement",
            "expression": {
              "type": "CallExpression",
              "callee": {
                "type": "MemberExpression",
                "object": {
                  "type": "Identifier",
                  "name": "x",
                  "typeAnnotation": null,
                  "loc": null,
                  "range": {
                    "start": 88,
                    "end": 89
                  }
                },
                "property": {
                  "type": "Identifier",
                  "name": "push",
                  "typeAnnotation": null,
                  "loc": null,
                  "range": {
                    "start": 90,
                    "end": 94
                  }
                },
                "computed": false,
                "loc": null,
                "range": {
                  "start": 88,
                  "end": 94
                }
              },
              "arguments": [
                {
                  "type": "Identifier",
                  "name": "b",
                  "typeAnnotation": null,
                  "loc": null,
                  "range": {
                    "start": 95,
                    "end": 96
                  }
                }
              ],
              "loc": null,
              "range": {
                "start": 88,
                "end": 97
              }
            },
            "directive": null,
            "loc": null,
            "range": {
              "start": 88,
              "end": 98
            }
          }
        ],
        "loc": null,
        "range": {
          "start": 22,
          "end": 100
        }
      },
      "generator": false,
      "async": false,
      "loc": null,
      "range": {
        "start": 0,
        "end": 100
      },
      "loc": null,
      "range": {
        "start": 0,
        "end": 100
      }
    }
  ],
  "sourceType": "script",
  "loc": null,
  "range": {
    "start": 0,
    "end": 100
  }
}
