---
source: crates/forget_hermes_parser/tests/parser_test.rs
expression: "format!(\"Input:\\n{input}\\n\\nOutput:\\n{output}\")"
input_file: crates/forget_hermes_parser/tests/fixtures/gating-test-export-function.js
---
Input:
// @gating @forgetDirective
export function Bar(props) {
  "use forget";
  return <div>{props.bar}</div>;
}

export function NoForget(props) {
  return <Bar>{props.noForget}</Bar>;
}

export function Foo(props) {
  "use forget";
  return <Foo>{props.bar}</Foo>;
}


Output:
{
  "type": "Program",
  "body": [
    {
      "type": "ExportNamedDeclaration",
      "declaration": {
        "type": "FunctionDeclaration",
        "id": {
          "type": "Identifier",
          "name": "Bar",
          "typeAnnotation": null,
          "loc": null,
          "range": {
            "start": 0,
            "end": 1
          }
        },
        "params": [
          {
            "type": "Identifier",
            "name": "props",
            "typeAnnotation": null,
            "loc": null,
            "range": {
              "start": 0,
              "end": 1
            }
          }
        ],
        "body": {
          "type": "BlockStatement",
          "body": [
            {
              "type": "ExpressionStatement",
              "expression": {
                "type": "StringLiteral",
                "value": "use forget",
                "loc": null,
                "range": {
                  "start": 0,
                  "end": 1
                }
              },
              "directive": null,
              "loc": null,
              "range": {
                "start": 0,
                "end": 1
              }
            },
            {
              "type": "ReturnStatement",
              "argument": {
                "type": "JSXElement",
                "openingElement": {
                  "type": "JSXOpeningElement",
                  "name": {
                    "type": "JSXIdentifier",
                    "name": "div",
                    "loc": null,
                    "range": {
                      "start": 0,
                      "end": 1
                    }
                  },
                  "attributes": [],
                  "selfClosing": false,
                  "loc": null,
                  "range": {
                    "start": 0,
                    "end": 1
                  }
                },
                "children": [
                  {
                    "type": "JSXExpressionContainer",
                    "expression": {
                      "type": "MemberExpression",
                      "object": {
                        "type": "Identifier",
                        "name": "props",
                        "typeAnnotation": null,
                        "loc": null,
                        "range": {
                          "start": 0,
                          "end": 1
                        }
                      },
                      "property": {
                        "type": "Identifier",
                        "name": "bar",
                        "typeAnnotation": null,
                        "loc": null,
                        "range": {
                          "start": 0,
                          "end": 1
                        }
                      },
                      "computed": false,
                      "loc": null,
                      "range": {
                        "start": 0,
                        "end": 1
                      }
                    },
                    "loc": null,
                    "range": {
                      "start": 0,
                      "end": 1
                    }
                  }
                ],
                "closingElement": {
                  "type": "JSXClosingElement",
                  "name": {
                    "type": "JSXIdentifier",
                    "name": "div",
                    "loc": null,
                    "range": {
                      "start": 0,
                      "end": 1
                    }
                  },
                  "loc": null,
                  "range": {
                    "start": 0,
                    "end": 1
                  }
                },
                "loc": null,
                "range": {
                  "start": 0,
                  "end": 1
                }
              },
              "loc": null,
              "range": {
                "start": 0,
                "end": 1
              }
            }
          ],
          "loc": null,
          "range": {
            "start": 0,
            "end": 1
          }
        },
        "generator": false,
        "async": false,
        "loc": null,
        "range": {
          "start": 0,
          "end": 1
        },
        "loc": null,
        "range": {
          "start": 0,
          "end": 1
        }
      },
      "specifiers": [],
      "source": null,
      "loc": null,
      "range": {
        "start": 0,
        "end": 1
      }
    },
    {
      "type": "ExportNamedDeclaration",
      "declaration": {
        "type": "FunctionDeclaration",
        "id": {
          "type": "Identifier",
          "name": "NoForget",
          "typeAnnotation": null,
          "loc": null,
          "range": {
            "start": 0,
            "end": 1
          }
        },
        "params": [
          {
            "type": "Identifier",
            "name": "props",
            "typeAnnotation": null,
            "loc": null,
            "range": {
              "start": 0,
              "end": 1
            }
          }
        ],
        "body": {
          "type": "BlockStatement",
          "body": [
            {
              "type": "ReturnStatement",
              "argument": {
                "type": "JSXElement",
                "openingElement": {
                  "type": "JSXOpeningElement",
                  "name": {
                    "type": "JSXIdentifier",
                    "name": "Bar",
                    "loc": null,
                    "range": {
                      "start": 0,
                      "end": 1
                    }
                  },
                  "attributes": [],
                  "selfClosing": false,
                  "loc": null,
                  "range": {
                    "start": 0,
                    "end": 1
                  }
                },
                "children": [
                  {
                    "type": "JSXExpressionContainer",
                    "expression": {
                      "type": "MemberExpression",
                      "object": {
                        "type": "Identifier",
                        "name": "props",
                        "typeAnnotation": null,
                        "loc": null,
                        "range": {
                          "start": 0,
                          "end": 1
                        }
                      },
                      "property": {
                        "type": "Identifier",
                        "name": "noForget",
                        "typeAnnotation": null,
                        "loc": null,
                        "range": {
                          "start": 0,
                          "end": 1
                        }
                      },
                      "computed": false,
                      "loc": null,
                      "range": {
                        "start": 0,
                        "end": 1
                      }
                    },
                    "loc": null,
                    "range": {
                      "start": 0,
                      "end": 1
                    }
                  }
                ],
                "closingElement": {
                  "type": "JSXClosingElement",
                  "name": {
                    "type": "JSXIdentifier",
                    "name": "Bar",
                    "loc": null,
                    "range": {
                      "start": 0,
                      "end": 1
                    }
                  },
                  "loc": null,
                  "range": {
                    "start": 0,
                    "end": 1
                  }
                },
                "loc": null,
                "range": {
                  "start": 0,
                  "end": 1
                }
              },
              "loc": null,
              "range": {
                "start": 0,
                "end": 1
              }
            }
          ],
          "loc": null,
          "range": {
            "start": 0,
            "end": 1
          }
        },
        "generator": false,
        "async": false,
        "loc": null,
        "range": {
          "start": 0,
          "end": 1
        },
        "loc": null,
        "range": {
          "start": 0,
          "end": 1
        }
      },
      "specifiers": [],
      "source": null,
      "loc": null,
      "range": {
        "start": 0,
        "end": 1
      }
    },
    {
      "type": "ExportNamedDeclaration",
      "declaration": {
        "type": "FunctionDeclaration",
        "id": {
          "type": "Identifier",
          "name": "Foo",
          "typeAnnotation": null,
          "loc": null,
          "range": {
            "start": 0,
            "end": 1
          }
        },
        "params": [
          {
            "type": "Identifier",
            "name": "props",
            "typeAnnotation": null,
            "loc": null,
            "range": {
              "start": 0,
              "end": 1
            }
          }
        ],
        "body": {
          "type": "BlockStatement",
          "body": [
            {
              "type": "ExpressionStatement",
              "expression": {
                "type": "StringLiteral",
                "value": "use forget",
                "loc": null,
                "range": {
                  "start": 0,
                  "end": 1
                }
              },
              "directive": null,
              "loc": null,
              "range": {
                "start": 0,
                "end": 1
              }
            },
            {
              "type": "ReturnStatement",
              "argument": {
                "type": "JSXElement",
                "openingElement": {
                  "type": "JSXOpeningElement",
                  "name": {
                    "type": "JSXIdentifier",
                    "name": "Foo",
                    "loc": null,
                    "range": {
                      "start": 0,
                      "end": 1
                    }
                  },
                  "attributes": [],
                  "selfClosing": false,
                  "loc": null,
                  "range": {
                    "start": 0,
                    "end": 1
                  }
                },
                "children": [
                  {
                    "type": "JSXExpressionContainer",
                    "expression": {
                      "type": "MemberExpression",
                      "object": {
                        "type": "Identifier",
                        "name": "props",
                        "typeAnnotation": null,
                        "loc": null,
                        "range": {
                          "start": 0,
                          "end": 1
                        }
                      },
                      "property": {
                        "type": "Identifier",
                        "name": "bar",
                        "typeAnnotation": null,
                        "loc": null,
                        "range": {
                          "start": 0,
                          "end": 1
                        }
                      },
                      "computed": false,
                      "loc": null,
                      "range": {
                        "start": 0,
                        "end": 1
                      }
                    },
                    "loc": null,
                    "range": {
                      "start": 0,
                      "end": 1
                    }
                  }
                ],
                "closingElement": {
                  "type": "JSXClosingElement",
                  "name": {
                    "type": "JSXIdentifier",
                    "name": "Foo",
                    "loc": null,
                    "range": {
                      "start": 0,
                      "end": 1
                    }
                  },
                  "loc": null,
                  "range": {
                    "start": 0,
                    "end": 1
                  }
                },
                "loc": null,
                "range": {
                  "start": 0,
                  "end": 1
                }
              },
              "loc": null,
              "range": {
                "start": 0,
                "end": 1
              }
            }
          ],
          "loc": null,
          "range": {
            "start": 0,
            "end": 1
          }
        },
        "generator": false,
        "async": false,
        "loc": null,
        "range": {
          "start": 0,
          "end": 1
        },
        "loc": null,
        "range": {
          "start": 0,
          "end": 1
        }
      },
      "specifiers": [],
      "source": null,
      "loc": null,
      "range": {
        "start": 0,
        "end": 1
      }
    }
  ],
  "sourceType": "script",
  "loc": null,
  "range": {
    "start": 0,
    "end": 1
  }
}
