---
source: crates/forget_hermes_parser/tests/parser_test.rs
expression: "format!(\"Input:\\n{input}\\n\\nOutput:\\n{output}\")"
input_file: crates/forget_hermes_parser/tests/fixtures/const-propagation-into-function-expression-primitive.js
---
Input:
function foo() {
  const x = 42;
  const f = () => {
    console.log(x);
  };
  f();
  return x;
}


Output:
{
  "type": "Program",
  "body": [
    {
      "type": "FunctionDeclaration",
      "id": {
        "type": "Identifier",
        "name": "foo",
        "typeAnnotation": null,
        "loc": null,
        "range": {
          "start": 9,
          "end": 12
        }
      },
      "params": [],
      "body": {
        "type": "BlockStatement",
        "body": [
          {
            "type": "VariableDeclaration",
            "kind": "const",
            "declarations": [
              {
                "type": "VariableDeclarator",
                "id": {
                  "type": "Identifier",
                  "name": "x",
                  "typeAnnotation": null,
                  "loc": null,
                  "range": {
                    "start": 25,
                    "end": 26
                  }
                },
                "init": {
                  "type": "NumericLiteral",
                  "value": 42.0,
                  "loc": null,
                  "range": {
                    "start": 29,
                    "end": 31
                  }
                },
                "loc": null,
                "range": {
                  "start": 25,
                  "end": 31
                }
              }
            ],
            "loc": null,
            "range": {
              "start": 19,
              "end": 32
            }
          },
          {
            "type": "VariableDeclaration",
            "kind": "const",
            "declarations": [
              {
                "type": "VariableDeclarator",
                "id": {
                  "type": "Identifier",
                  "name": "f",
                  "typeAnnotation": null,
                  "loc": null,
                  "range": {
                    "start": 41,
                    "end": 42
                  }
                },
                "init": {
                  "type": "ArrowFunctionExpression",
                  "id": null,
                  "params": [],
                  "body": {
                    "type": "BlockStatement",
                    "body": [
                      {
                        "type": "ExpressionStatement",
                        "expression": {
                          "type": "CallExpression",
                          "callee": {
                            "type": "MemberExpression",
                            "object": {
                              "type": "Identifier",
                              "name": "console",
                              "typeAnnotation": null,
                              "loc": null,
                              "range": {
                                "start": 57,
                                "end": 64
                              }
                            },
                            "property": {
                              "type": "Identifier",
                              "name": "log",
                              "typeAnnotation": null,
                              "loc": null,
                              "range": {
                                "start": 65,
                                "end": 68
                              }
                            },
                            "computed": false,
                            "loc": null,
                            "range": {
                              "start": 57,
                              "end": 68
                            }
                          },
                          "arguments": [
                            {
                              "type": "Identifier",
                              "name": "x",
                              "typeAnnotation": null,
                              "loc": null,
                              "range": {
                                "start": 69,
                                "end": 70
                              }
                            }
                          ],
                          "loc": null,
                          "range": {
                            "start": 57,
                            "end": 71
                          }
                        },
                        "directive": null,
                        "loc": null,
                        "range": {
                          "start": 57,
                          "end": 72
                        }
                      }
                    ],
                    "loc": null,
                    "range": {
                      "start": 51,
                      "end": 76
                    }
                  },
                  "generator": false,
                  "async": false,
                  "loc": null,
                  "range": {
                    "start": 45,
                    "end": 76
                  },
                  "expression": false,
                  "loc": null,
                  "range": {
                    "start": 45,
                    "end": 76
                  }
                },
                "loc": null,
                "range": {
                  "start": 41,
                  "end": 76
                }
              }
            ],
            "loc": null,
            "range": {
              "start": 35,
              "end": 77
            }
          },
          {
            "type": "ExpressionStatement",
            "expression": {
              "type": "CallExpression",
              "callee": {
                "type": "Identifier",
                "name": "f",
                "typeAnnotation": null,
                "loc": null,
                "range": {
                  "start": 80,
                  "end": 81
                }
              },
              "arguments": [],
              "loc": null,
              "range": {
                "start": 80,
                "end": 83
              }
            },
            "directive": null,
            "loc": null,
            "range": {
              "start": 80,
              "end": 84
            }
          },
          {
            "type": "ReturnStatement",
            "argument": {
              "type": "Identifier",
              "name": "x",
              "typeAnnotation": null,
              "loc": null,
              "range": {
                "start": 94,
                "end": 95
              }
            },
            "loc": null,
            "range": {
              "start": 87,
              "end": 96
            }
          }
        ],
        "loc": null,
        "range": {
          "start": 15,
          "end": 98
        }
      },
      "generator": false,
      "async": false,
      "loc": null,
      "range": {
        "start": 0,
        "end": 98
      },
      "loc": null,
      "range": {
        "start": 0,
        "end": 98
      }
    }
  ],
  "sourceType": "script",
  "loc": null,
  "range": {
    "start": 0,
    "end": 98
  }
}
