---
source: crates/forget_hermes_parser/tests/parser_test.rs
expression: "format!(\"Input:\\n{input}\\n\\nOutput:\\n{output}\")"
input_file: crates/forget_hermes_parser/tests/fixtures/nested-optional-member-expr.js
---
Input:
// We should codegen nested optional properties correctly
// (i.e. placing `?` in the correct PropertyLoad)
function Component(props) {
  let x = foo(props.a?.b.c.d);
  return x;
}


Output:
{
  "type": "Program",
  "body": [
    {
      "type": "FunctionDeclaration",
      "id": {
        "type": "Identifier",
        "name": "Component",
        "typeAnnotation": null,
        "loc": null,
        "range": {
          "start": 117,
          "end": 126
        }
      },
      "params": [
        {
          "type": "Identifier",
          "name": "props",
          "typeAnnotation": null,
          "loc": null,
          "range": {
            "start": 127,
            "end": 132
          }
        }
      ],
      "body": {
        "type": "BlockStatement",
        "body": [
          {
            "type": "VariableDeclaration",
            "kind": "let",
            "declarations": [
              {
                "type": "VariableDeclarator",
                "id": {
                  "type": "Identifier",
                  "name": "x",
                  "typeAnnotation": null,
                  "loc": null,
                  "range": {
                    "start": 142,
                    "end": 143
                  }
                },
                "init": {
                  "type": "CallExpression",
                  "callee": {
                    "type": "Identifier",
                    "name": "foo",
                    "typeAnnotation": null,
                    "loc": null,
                    "range": {
                      "start": 146,
                      "end": 149
                    }
                  },
                  "arguments": [
                    {
                      "type": "OptionalMemberExpression",
                      "object": {
                        "type": "OptionalMemberExpression",
                        "object": {
                          "type": "OptionalMemberExpression",
                          "object": {
                            "type": "MemberExpression",
                            "object": {
                              "type": "Identifier",
                              "name": "props",
                              "typeAnnotation": null,
                              "loc": null,
                              "range": {
                                "start": 150,
                                "end": 155
                              }
                            },
                            "property": {
                              "type": "Identifier",
                              "name": "a",
                              "typeAnnotation": null,
                              "loc": null,
                              "range": {
                                "start": 156,
                                "end": 157
                              }
                            },
                            "computed": false,
                            "loc": null,
                            "range": {
                              "start": 150,
                              "end": 157
                            }
                          },
                          "property": {
                            "type": "Identifier",
                            "name": "b",
                            "typeAnnotation": null,
                            "loc": null,
                            "range": {
                              "start": 159,
                              "end": 160
                            }
                          },
                          "computed": false,
                          "optional": true,
                          "loc": null,
                          "range": {
                            "start": 150,
                            "end": 160
                          }
                        },
                        "property": {
                          "type": "Identifier",
                          "name": "c",
                          "typeAnnotation": null,
                          "loc": null,
                          "range": {
                            "start": 161,
                            "end": 162
                          }
                        },
                        "computed": false,
                        "optional": false,
                        "loc": null,
                        "range": {
                          "start": 150,
                          "end": 162
                        }
                      },
                      "property": {
                        "type": "Identifier",
                        "name": "d",
                        "typeAnnotation": null,
                        "loc": null,
                        "range": {
                          "start": 163,
                          "end": 164
                        }
                      },
                      "computed": false,
                      "optional": false,
                      "loc": null,
                      "range": {
                        "start": 150,
                        "end": 164
                      }
                    }
                  ],
                  "loc": null,
                  "range": {
                    "start": 146,
                    "end": 165
                  }
                },
                "loc": null,
                "range": {
                  "start": 142,
                  "end": 165
                }
              }
            ],
            "loc": null,
            "range": {
              "start": 138,
              "end": 166
            }
          },
          {
            "type": "ReturnStatement",
            "argument": {
              "type": "Identifier",
              "name": "x",
              "typeAnnotation": null,
              "loc": null,
              "range": {
                "start": 176,
                "end": 177
              }
            },
            "loc": null,
            "range": {
              "start": 169,
              "end": 178
            }
          }
        ],
        "loc": null,
        "range": {
          "start": 134,
          "end": 180
        }
      },
      "generator": false,
      "async": false,
      "loc": null,
      "range": {
        "start": 108,
        "end": 180
      },
      "loc": null,
      "range": {
        "start": 108,
        "end": 180
      }
    }
  ],
  "sourceType": "script",
  "loc": null,
  "range": {
    "start": 108,
    "end": 180
  }
}
