---
source: crates/forget_hermes_parser/tests/parser_test.rs
expression: "format!(\"Input:\\n{input}\\n\\nOutput:\\n{output}\")"
input_file: crates/forget_hermes_parser/tests/fixtures/error.hoisted-function-declaration.js
---
Input:
function component(a) {
  let t = { a };
  x(t); // hoisted call
  function x(p) {
    p.foo();
  }
  return t;
}


Output:
{
  "type": "Program",
  "body": [
    {
      "type": "FunctionDeclaration",
      "id": {
        "type": "Identifier",
        "name": "component",
        "typeAnnotation": null,
        "loc": null,
        "range": {
          "start": 9,
          "end": 18
        }
      },
      "params": [
        {
          "type": "Identifier",
          "name": "a",
          "typeAnnotation": null,
          "loc": null,
          "range": {
            "start": 19,
            "end": 20
          }
        }
      ],
      "body": {
        "type": "BlockStatement",
        "body": [
          {
            "type": "VariableDeclaration",
            "kind": "let",
            "declarations": [
              {
                "type": "VariableDeclarator",
                "id": {
                  "type": "Identifier",
                  "name": "t",
                  "typeAnnotation": null,
                  "loc": null,
                  "range": {
                    "start": 30,
                    "end": 31
                  }
                },
                "init": {
                  "type": "ObjectExpression",
                  "properties": [
                    {
                      "type": "Property",
                      "key": {
                        "type": "Identifier",
                        "name": "a",
                        "typeAnnotation": null,
                        "loc": null,
                        "range": {
                          "start": 36,
                          "end": 37
                        }
                      },
                      "value": {
                        "type": "Identifier",
                        "name": "a",
                        "typeAnnotation": null,
                        "loc": null,
                        "range": {
                          "start": 36,
                          "end": 37
                        }
                      },
                      "kind": "init",
                      "method": false,
                      "shorthand": true,
                      "computed": false,
                      "loc": null,
                      "range": {
                        "start": 36,
                        "end": 37
                      }
                    }
                  ],
                  "loc": null,
                  "range": {
                    "start": 34,
                    "end": 39
                  }
                },
                "loc": null,
                "range": {
                  "start": 30,
                  "end": 39
                }
              }
            ],
            "loc": null,
            "range": {
              "start": 26,
              "end": 40
            }
          },
          {
            "type": "ExpressionStatement",
            "expression": {
              "type": "CallExpression",
              "callee": {
                "type": "Identifier",
                "name": "x",
                "typeAnnotation": null,
                "loc": null,
                "range": {
                  "start": 43,
                  "end": 44
                }
              },
              "arguments": [
                {
                  "type": "Identifier",
                  "name": "t",
                  "typeAnnotation": null,
                  "loc": null,
                  "range": {
                    "start": 45,
                    "end": 46
                  }
                }
              ],
              "loc": null,
              "range": {
                "start": 43,
                "end": 47
              }
            },
            "directive": null,
            "loc": null,
            "range": {
              "start": 43,
              "end": 48
            }
          },
          {
            "type": "FunctionDeclaration",
            "id": {
              "type": "Identifier",
              "name": "x",
              "typeAnnotation": null,
              "loc": null,
              "range": {
                "start": 76,
                "end": 77
              }
            },
            "params": [
              {
                "type": "Identifier",
                "name": "p",
                "typeAnnotation": null,
                "loc": null,
                "range": {
                  "start": 78,
                  "end": 79
                }
              }
            ],
            "body": {
              "type": "BlockStatement",
              "body": [
                {
                  "type": "ExpressionStatement",
                  "expression": {
                    "type": "CallExpression",
                    "callee": {
                      "type": "MemberExpression",
                      "object": {
                        "type": "Identifier",
                        "name": "p",
                        "typeAnnotation": null,
                        "loc": null,
                        "range": {
                          "start": 87,
                          "end": 88
                        }
                      },
                      "property": {
                        "type": "Identifier",
                        "name": "foo",
                        "typeAnnotation": null,
                        "loc": null,
                        "range": {
                          "start": 89,
                          "end": 92
                        }
                      },
                      "computed": false,
                      "loc": null,
                      "range": {
                        "start": 87,
                        "end": 92
                      }
                    },
                    "arguments": [],
                    "loc": null,
                    "range": {
                      "start": 87,
                      "end": 94
                    }
                  },
                  "directive": null,
                  "loc": null,
                  "range": {
                    "start": 87,
                    "end": 95
                  }
                }
              ],
              "loc": null,
              "range": {
                "start": 81,
                "end": 99
              }
            },
            "generator": false,
            "async": false,
            "loc": null,
            "range": {
              "start": 67,
              "end": 99
            },
            "loc": null,
            "range": {
              "start": 67,
              "end": 99
            }
          },
          {
            "type": "ReturnStatement",
            "argument": {
              "type": "Identifier",
              "name": "t",
              "typeAnnotation": null,
              "loc": null,
              "range": {
                "start": 109,
                "end": 110
              }
            },
            "loc": null,
            "range": {
              "start": 102,
              "end": 111
            }
          }
        ],
        "loc": null,
        "range": {
          "start": 22,
          "end": 113
        }
      },
      "generator": false,
      "async": false,
      "loc": null,
      "range": {
        "start": 0,
        "end": 113
      },
      "loc": null,
      "range": {
        "start": 0,
        "end": 113
      }
    }
  ],
  "sourceType": "script",
  "loc": null,
  "range": {
    "start": 0,
    "end": 113
  }
}
