---
source: crates/forget_hermes_parser/tests/parser_test.rs
expression: "format!(\"Input:\\n{input}\\n\\nOutput:\\n{output}\")"
input_file: crates/forget_hermes_parser/tests/fixtures/error.bug-validate-no-set-state-not-all-mutable-range-extensions-are-bad.js
---
Input:
function Component(props) {
  const logEvent = useLogging(props.appId);
  const [currentStep, setCurrentStep] = useState(0);

  const onSubmit = (errorEvent) => {
    // 2. onSubmit inherits the mutable range of logEvent
    logEvent(errorEvent);
    // 3. this call then triggers the ValidateNoSetStateInRender check incorrectly, even though
    //    onSubmit is not called during render (although it _could_ be, if OtherComponent does so.
    //    but we can't tell without x-file analysis)
    setCurrentStep(1);
  };

  switch (currentStep) {
    case 0:
      return <OtherComponent data={{ foo: "bar" }} />;
    case 1:
      return <OtherComponent data={{ foo: "joe" }} onSubmit={onSubmit} />;
    default:
      // 1. logEvent's mutable range is extended to this instruction
      logEvent("Invalid step");
      return <OtherComponent data={null} />;
  }
}


Output:
{
  "type": "Program",
  "body": [
    {
      "type": "FunctionDeclaration",
      "id": {
        "type": "Identifier",
        "name": "Component",
        "typeAnnotation": null,
        "loc": null,
        "range": {
          "start": 0,
          "end": 1
        }
      },
      "params": [
        {
          "type": "Identifier",
          "name": "props",
          "typeAnnotation": null,
          "loc": null,
          "range": {
            "start": 0,
            "end": 1
          }
        }
      ],
      "body": {
        "type": "BlockStatement",
        "body": [
          {
            "type": "VariableDeclaration",
            "kind": "const",
            "declarations": [
              {
                "type": "VariableDeclarator",
                "id": {
                  "type": "Identifier",
                  "name": "logEvent",
                  "typeAnnotation": null,
                  "loc": null,
                  "range": {
                    "start": 0,
                    "end": 1
                  }
                },
                "init": {
                  "type": "CallExpression",
                  "callee": {
                    "type": "Identifier",
                    "name": "useLogging",
                    "typeAnnotation": null,
                    "loc": null,
                    "range": {
                      "start": 0,
                      "end": 1
                    }
                  },
                  "arguments": [
                    {
                      "type": "MemberExpression",
                      "object": {
                        "type": "Identifier",
                        "name": "props",
                        "typeAnnotation": null,
                        "loc": null,
                        "range": {
                          "start": 0,
                          "end": 1
                        }
                      },
                      "property": {
                        "type": "Identifier",
                        "name": "appId",
                        "typeAnnotation": null,
                        "loc": null,
                        "range": {
                          "start": 0,
                          "end": 1
                        }
                      },
                      "computed": false,
                      "loc": null,
                      "range": {
                        "start": 0,
                        "end": 1
                      }
                    }
                  ],
                  "loc": null,
                  "range": {
                    "start": 0,
                    "end": 1
                  }
                },
                "loc": null,
                "range": {
                  "start": 0,
                  "end": 1
                }
              }
            ],
            "loc": null,
            "range": {
              "start": 0,
              "end": 1
            }
          },
          {
            "type": "VariableDeclaration",
            "kind": "const",
            "declarations": [
              {
                "type": "VariableDeclarator",
                "id": {
                  "type": "ArrayPattern",
                  "elements": [
                    {
                      "type": "Identifier",
                      "name": "currentStep",
                      "typeAnnotation": null,
                      "loc": null,
                      "range": {
                        "start": 0,
                        "end": 1
                      }
                    },
                    {
                      "type": "Identifier",
                      "name": "setCurrentStep",
                      "typeAnnotation": null,
                      "loc": null,
                      "range": {
                        "start": 0,
                        "end": 1
                      }
                    }
                  ],
                  "loc": null,
                  "range": {
                    "start": 0,
                    "end": 1
                  }
                },
                "init": {
                  "type": "CallExpression",
                  "callee": {
                    "type": "Identifier",
                    "name": "useState",
                    "typeAnnotation": null,
                    "loc": null,
                    "range": {
                      "start": 0,
                      "end": 1
                    }
                  },
                  "arguments": [
                    {
                      "type": "NumericLiteral",
                      "value": 0.0,
                      "loc": null,
                      "range": {
                        "start": 0,
                        "end": 1
                      }
                    }
                  ],
                  "loc": null,
                  "range": {
                    "start": 0,
                    "end": 1
                  }
                },
                "loc": null,
                "range": {
                  "start": 0,
                  "end": 1
                }
              }
            ],
            "loc": null,
            "range": {
              "start": 0,
              "end": 1
            }
          },
          {
            "type": "VariableDeclaration",
            "kind": "const",
            "declarations": [
              {
                "type": "VariableDeclarator",
                "id": {
                  "type": "Identifier",
                  "name": "onSubmit",
                  "typeAnnotation": null,
                  "loc": null,
                  "range": {
                    "start": 0,
                    "end": 1
                  }
                },
                "init": {
                  "type": "ArrowFunctionExpression",
                  "id": null,
                  "params": [
                    {
                      "type": "Identifier",
                      "name": "errorEvent",
                      "typeAnnotation": null,
                      "loc": null,
                      "range": {
                        "start": 0,
                        "end": 1
                      }
                    }
                  ],
                  "body": {
                    "type": "BlockStatement",
                    "body": [
                      {
                        "type": "ExpressionStatement",
                        "expression": {
                          "type": "CallExpression",
                          "callee": {
                            "type": "Identifier",
                            "name": "logEvent",
                            "typeAnnotation": null,
                            "loc": null,
                            "range": {
                              "start": 0,
                              "end": 1
                            }
                          },
                          "arguments": [
                            {
                              "type": "Identifier",
                              "name": "errorEvent",
                              "typeAnnotation": null,
                              "loc": null,
                              "range": {
                                "start": 0,
                                "end": 1
                              }
                            }
                          ],
                          "loc": null,
                          "range": {
                            "start": 0,
                            "end": 1
                          }
                        },
                        "directive": null,
                        "loc": null,
                        "range": {
                          "start": 0,
                          "end": 1
                        }
                      },
                      {
                        "type": "ExpressionStatement",
                        "expression": {
                          "type": "CallExpression",
                          "callee": {
                            "type": "Identifier",
                            "name": "setCurrentStep",
                            "typeAnnotation": null,
                            "loc": null,
                            "range": {
                              "start": 0,
                              "end": 1
                            }
                          },
                          "arguments": [
                            {
                              "type": "NumericLiteral",
                              "value": 1.0,
                              "loc": null,
                              "range": {
                                "start": 0,
                                "end": 1
                              }
                            }
                          ],
                          "loc": null,
                          "range": {
                            "start": 0,
                            "end": 1
                          }
                        },
                        "directive": null,
                        "loc": null,
                        "range": {
                          "start": 0,
                          "end": 1
                        }
                      }
                    ],
                    "loc": null,
                    "range": {
                      "start": 0,
                      "end": 1
                    }
                  },
                  "generator": false,
                  "async": false,
                  "loc": null,
                  "range": {
                    "start": 0,
                    "end": 1
                  },
                  "expression": false,
                  "loc": null,
                  "range": {
                    "start": 0,
                    "end": 1
                  }
                },
                "loc": null,
                "range": {
                  "start": 0,
                  "end": 1
                }
              }
            ],
            "loc": null,
            "range": {
              "start": 0,
              "end": 1
            }
          },
          {
            "type": "SwitchStatement",
            "discriminant": {
              "type": "Identifier",
              "name": "currentStep",
              "typeAnnotation": null,
              "loc": null,
              "range": {
                "start": 0,
                "end": 1
              }
            },
            "cases": [
              {
                "type": "SwitchCase",
                "test": {
                  "type": "NumericLiteral",
                  "value": 0.0,
                  "loc": null,
                  "range": {
                    "start": 0,
                    "end": 1
                  }
                },
                "consequent": [
                  {
                    "type": "ReturnStatement",
                    "argument": {
                      "type": "JSXElement",
                      "openingElement": {
                        "type": "JSXOpeningElement",
                        "name": {
                          "type": "JSXIdentifier",
                          "name": "OtherComponent",
                          "loc": null,
                          "range": {
                            "start": 0,
                            "end": 1
                          }
                        },
                        "attributes": [
                          {
                            "type": "JSXAttribute",
                            "name": {
                              "type": "JSXIdentifier",
                              "name": "data",
                              "loc": null,
                              "range": {
                                "start": 0,
                                "end": 1
                              }
                            },
                            "value": {
                              "type": "JSXExpressionContainer",
                              "expression": {
                                "type": "ObjectExpression",
                                "properties": [
                                  {
                                    "type": "Property",
                                    "key": {
                                      "type": "Identifier",
                                      "name": "foo",
                                      "typeAnnotation": null,
                                      "loc": null,
                                      "range": {
                                        "start": 0,
                                        "end": 1
                                      }
                                    },
                                    "value": {
                                      "type": "StringLiteral",
                                      "value": "bar",
                                      "loc": null,
                                      "range": {
                                        "start": 0,
                                        "end": 1
                                      }
                                    },
                                    "kind": "init",
                                    "method": false,
                                    "shorthand": false,
                                    "computed": false,
                                    "loc": null,
                                    "range": {
                                      "start": 0,
                                      "end": 1
                                    }
                                  }
                                ],
                                "loc": null,
                                "range": {
                                  "start": 0,
                                  "end": 1
                                }
                              },
                              "loc": null,
                              "range": {
                                "start": 0,
                                "end": 1
                              }
                            },
                            "loc": null,
                            "range": {
                              "start": 0,
                              "end": 1
                            }
                          }
                        ],
                        "selfClosing": true,
                        "loc": null,
                        "range": {
                          "start": 0,
                          "end": 1
                        }
                      },
                      "children": [],
                      "closingElement": null,
                      "loc": null,
                      "range": {
                        "start": 0,
                        "end": 1
                      }
                    },
                    "loc": null,
                    "range": {
                      "start": 0,
                      "end": 1
                    }
                  }
                ],
                "loc": null,
                "range": {
                  "start": 0,
                  "end": 1
                }
              },
              {
                "type": "SwitchCase",
                "test": {
                  "type": "NumericLiteral",
                  "value": 1.0,
                  "loc": null,
                  "range": {
                    "start": 0,
                    "end": 1
                  }
                },
                "consequent": [
                  {
                    "type": "ReturnStatement",
                    "argument": {
                      "type": "JSXElement",
                      "openingElement": {
                        "type": "JSXOpeningElement",
                        "name": {
                          "type": "JSXIdentifier",
                          "name": "OtherComponent",
                          "loc": null,
                          "range": {
                            "start": 0,
                            "end": 1
                          }
                        },
                        "attributes": [
                          {
                            "type": "JSXAttribute",
                            "name": {
                              "type": "JSXIdentifier",
                              "name": "data",
                              "loc": null,
                              "range": {
                                "start": 0,
                                "end": 1
                              }
                            },
                            "value": {
                              "type": "JSXExpressionContainer",
                              "expression": {
                                "type": "ObjectExpression",
                                "properties": [
                                  {
                                    "type": "Property",
                                    "key": {
                                      "type": "Identifier",
                                      "name": "foo",
                                      "typeAnnotation": null,
                                      "loc": null,
                                      "range": {
                                        "start": 0,
                                        "end": 1
                                      }
                                    },
                                    "value": {
                                      "type": "StringLiteral",
                                      "value": "joe",
                                      "loc": null,
                                      "range": {
                                        "start": 0,
                                        "end": 1
                                      }
                                    },
                                    "kind": "init",
                                    "method": false,
                                    "shorthand": false,
                                    "computed": false,
                                    "loc": null,
                                    "range": {
                                      "start": 0,
                                      "end": 1
                                    }
                                  }
                                ],
                                "loc": null,
                                "range": {
                                  "start": 0,
                                  "end": 1
                                }
                              },
                              "loc": null,
                              "range": {
                                "start": 0,
                                "end": 1
                              }
                            },
                            "loc": null,
                            "range": {
                              "start": 0,
                              "end": 1
                            }
                          },
                          {
                            "type": "JSXAttribute",
                            "name": {
                              "type": "JSXIdentifier",
                              "name": "onSubmit",
                              "loc": null,
                              "range": {
                                "start": 0,
                                "end": 1
                              }
                            },
                            "value": {
                              "type": "JSXExpressionContainer",
                              "expression": {
                                "type": "Identifier",
                                "name": "onSubmit",
                                "typeAnnotation": null,
                                "loc": null,
                                "range": {
                                  "start": 0,
                                  "end": 1
                                }
                              },
                              "loc": null,
                              "range": {
                                "start": 0,
                                "end": 1
                              }
                            },
                            "loc": null,
                            "range": {
                              "start": 0,
                              "end": 1
                            }
                          }
                        ],
                        "selfClosing": true,
                        "loc": null,
                        "range": {
                          "start": 0,
                          "end": 1
                        }
                      },
                      "children": [],
                      "closingElement": null,
                      "loc": null,
                      "range": {
                        "start": 0,
                        "end": 1
                      }
                    },
                    "loc": null,
                    "range": {
                      "start": 0,
                      "end": 1
                    }
                  }
                ],
                "loc": null,
                "range": {
                  "start": 0,
                  "end": 1
                }
              },
              {
                "type": "SwitchCase",
                "test": null,
                "consequent": [
                  {
                    "type": "ExpressionStatement",
                    "expression": {
                      "type": "CallExpression",
                      "callee": {
                        "type": "Identifier",
                        "name": "logEvent",
                        "typeAnnotation": null,
                        "loc": null,
                        "range": {
                          "start": 0,
                          "end": 1
                        }
                      },
                      "arguments": [
                        {
                          "type": "StringLiteral",
                          "value": "Invalid step",
                          "loc": null,
                          "range": {
                            "start": 0,
                            "end": 1
                          }
                        }
                      ],
                      "loc": null,
                      "range": {
                        "start": 0,
                        "end": 1
                      }
                    },
                    "directive": null,
                    "loc": null,
                    "range": {
                      "start": 0,
                      "end": 1
                    }
                  },
                  {
                    "type": "ReturnStatement",
                    "argument": {
                      "type": "JSXElement",
                      "openingElement": {
                        "type": "JSXOpeningElement",
                        "name": {
                          "type": "JSXIdentifier",
                          "name": "OtherComponent",
                          "loc": null,
                          "range": {
                            "start": 0,
                            "end": 1
                          }
                        },
                        "attributes": [
                          {
                            "type": "JSXAttribute",
                            "name": {
                              "type": "JSXIdentifier",
                              "name": "data",
                              "loc": null,
                              "range": {
                                "start": 0,
                                "end": 1
                              }
                            },
                            "value": {
                              "type": "JSXExpressionContainer",
                              "expression": {
                                "type": "NullLiteral",
                                "loc": null,
                                "range": {
                                  "start": 0,
                                  "end": 1
                                }
                              },
                              "loc": null,
                              "range": {
                                "start": 0,
                                "end": 1
                              }
                            },
                            "loc": null,
                            "range": {
                              "start": 0,
                              "end": 1
                            }
                          }
                        ],
                        "selfClosing": true,
                        "loc": null,
                        "range": {
                          "start": 0,
                          "end": 1
                        }
                      },
                      "children": [],
                      "closingElement": null,
                      "loc": null,
                      "range": {
                        "start": 0,
                        "end": 1
                      }
                    },
                    "loc": null,
                    "range": {
                      "start": 0,
                      "end": 1
                    }
                  }
                ],
                "loc": null,
                "range": {
                  "start": 0,
                  "end": 1
                }
              }
            ],
            "loc": null,
            "range": {
              "start": 0,
              "end": 1
            }
          }
        ],
        "loc": null,
        "range": {
          "start": 0,
          "end": 1
        }
      },
      "generator": false,
      "async": false,
      "loc": null,
      "range": {
        "start": 0,
        "end": 1
      },
      "loc": null,
      "range": {
        "start": 0,
        "end": 1
      }
    }
  ],
  "sourceType": "script",
  "loc": null,
  "range": {
    "start": 0,
    "end": 1
  }
}
