---
source: crates/forget_hermes_parser/tests/parser_test.rs
expression: "format!(\"Input:\\n{input}\\n\\nOutput:\\n{output}\")"
input_file: crates/forget_hermes_parser/tests/fixtures/optional-call-logical.js
---
Input:
function Component(props) {
  const item = useFragment(graphql`...`, props.item);
  return item.items?.map((item) => renderItem(item)) ?? [];
}


Output:
{
  "type": "Program",
  "body": [
    {
      "type": "FunctionDeclaration",
      "id": {
        "type": "Identifier",
        "name": "Component",
        "typeAnnotation": null,
        "loc": null,
        "range": {
          "start": 9,
          "end": 18
        }
      },
      "params": [
        {
          "type": "Identifier",
          "name": "props",
          "typeAnnotation": null,
          "loc": null,
          "range": {
            "start": 19,
            "end": 24
          }
        }
      ],
      "body": {
        "type": "BlockStatement",
        "body": [
          {
            "type": "VariableDeclaration",
            "kind": "const",
            "declarations": [
              {
                "type": "VariableDeclarator",
                "id": {
                  "type": "Identifier",
                  "name": "item",
                  "typeAnnotation": null,
                  "loc": null,
                  "range": {
                    "start": 36,
                    "end": 40
                  }
                },
                "init": {
                  "type": "CallExpression",
                  "callee": {
                    "type": "Identifier",
                    "name": "useFragment",
                    "typeAnnotation": null,
                    "loc": null,
                    "range": {
                      "start": 43,
                      "end": 54
                    }
                  },
                  "arguments": [
                    {
                      "type": "TaggedTemplateExpression",
                      "tag": {
                        "type": "Identifier",
                        "name": "graphql",
                        "typeAnnotation": null,
                        "loc": null,
                        "range": {
                          "start": 55,
                          "end": 62
                        }
                      },
                      "quasi": {
                        "type": "TemplateLiteral",
                        "quasis": [
                          {
                            "type": "TemplateElement",
                            "tail": true,
                            "value": {
                              "cooked": "...",
                              "raw": "..."
                            },
                            "loc": null,
                            "range": {
                              "start": 62,
                              "end": 67
                            }
                          }
                        ],
                        "expressions": [],
                        "loc": null,
                        "range": {
                          "start": 62,
                          "end": 67
                        }
                      },
                      "loc": null,
                      "range": {
                        "start": 55,
                        "end": 67
                      }
                    },
                    {
                      "type": "MemberExpression",
                      "object": {
                        "type": "Identifier",
                        "name": "props",
                        "typeAnnotation": null,
                        "loc": null,
                        "range": {
                          "start": 69,
                          "end": 74
                        }
                      },
                      "property": {
                        "type": "Identifier",
                        "name": "item",
                        "typeAnnotation": null,
                        "loc": null,
                        "range": {
                          "start": 75,
                          "end": 79
                        }
                      },
                      "computed": false,
                      "loc": null,
                      "range": {
                        "start": 69,
                        "end": 79
                      }
                    }
                  ],
                  "loc": null,
                  "range": {
                    "start": 43,
                    "end": 80
                  }
                },
                "loc": null,
                "range": {
                  "start": 36,
                  "end": 80
                }
              }
            ],
            "loc": null,
            "range": {
              "start": 30,
              "end": 81
            }
          },
          {
            "type": "ReturnStatement",
            "argument": {
              "type": "LogicalExpression",
              "operator": "??",
              "left": {
                "type": "OptionalCallExpression",
                "callee": {
                  "type": "OptionalMemberExpression",
                  "object": {
                    "type": "MemberExpression",
                    "object": {
                      "type": "Identifier",
                      "name": "item",
                      "typeAnnotation": null,
                      "loc": null,
                      "range": {
                        "start": 91,
                        "end": 95
                      }
                    },
                    "property": {
                      "type": "Identifier",
                      "name": "items",
                      "typeAnnotation": null,
                      "loc": null,
                      "range": {
                        "start": 96,
                        "end": 101
                      }
                    },
                    "computed": false,
                    "loc": null,
                    "range": {
                      "start": 91,
                      "end": 101
                    }
                  },
                  "property": {
                    "type": "Identifier",
                    "name": "map",
                    "typeAnnotation": null,
                    "loc": null,
                    "range": {
                      "start": 103,
                      "end": 106
                    }
                  },
                  "computed": false,
                  "optional": true,
                  "loc": null,
                  "range": {
                    "start": 91,
                    "end": 106
                  }
                },
                "arguments": [
                  {
                    "type": "ArrowFunctionExpression",
                    "id": null,
                    "params": [
                      {
                        "type": "Identifier",
                        "name": "item",
                        "typeAnnotation": null,
                        "loc": null,
                        "range": {
                          "start": 108,
                          "end": 112
                        }
                      }
                    ],
                    "body": {
                      "type": "CallExpression",
                      "callee": {
                        "type": "Identifier",
                        "name": "renderItem",
                        "typeAnnotation": null,
                        "loc": null,
                        "range": {
                          "start": 117,
                          "end": 127
                        }
                      },
                      "arguments": [
                        {
                          "type": "Identifier",
                          "name": "item",
                          "typeAnnotation": null,
                          "loc": null,
                          "range": {
                            "start": 128,
                            "end": 132
                          }
                        }
                      ],
                      "loc": null,
                      "range": {
                        "start": 117,
                        "end": 133
                      }
                    },
                    "generator": true,
                    "async": false,
                    "loc": null,
                    "range": {
                      "start": 107,
                      "end": 133
                    },
                    "expression": true,
                    "loc": null,
                    "range": {
                      "start": 107,
                      "end": 133
                    }
                  }
                ],
                "optional": false,
                "loc": null,
                "range": {
                  "start": 91,
                  "end": 134
                }
              },
              "right": {
                "type": "ArrayExpression",
                "elements": [],
                "loc": null,
                "range": {
                  "start": 138,
                  "end": 140
                }
              },
              "loc": null,
              "range": {
                "start": 91,
                "end": 140
              }
            },
            "loc": null,
            "range": {
              "start": 84,
              "end": 141
            }
          }
        ],
        "loc": null,
        "range": {
          "start": 26,
          "end": 143
        }
      },
      "generator": false,
      "async": false,
      "loc": null,
      "range": {
        "start": 0,
        "end": 143
      },
      "loc": null,
      "range": {
        "start": 0,
        "end": 143
      }
    }
  ],
  "sourceType": "script",
  "loc": null,
  "range": {
    "start": 0,
    "end": 143
  }
}
