---
source: crates/forget_hermes_parser/tests/parser_test.rs
expression: "format!(\"Input:\\n{input}\\n\\nOutput:\\n{output}\")"
input_file: crates/forget_hermes_parser/tests/fixtures/ssa-property-alias-if.js
---
Input:
function foo(a) {
  const x = {};
  if (a) {
    let y = {};
    x.y = y;
  } else {
    let z = {};
    x.z = z;
  }
  return x;
}


Output:
{
  "type": "Program",
  "body": [
    {
      "type": "FunctionDeclaration",
      "id": {
        "type": "Identifier",
        "name": "foo",
        "typeAnnotation": null,
        "loc": null,
        "range": {
          "start": 0,
          "end": 1
        }
      },
      "params": [
        {
          "type": "Identifier",
          "name": "a",
          "typeAnnotation": null,
          "loc": null,
          "range": {
            "start": 0,
            "end": 1
          }
        }
      ],
      "body": {
        "type": "BlockStatement",
        "body": [
          {
            "type": "VariableDeclaration",
            "kind": "const",
            "declarations": [
              {
                "type": "VariableDeclarator",
                "id": {
                  "type": "Identifier",
                  "name": "x",
                  "typeAnnotation": null,
                  "loc": null,
                  "range": {
                    "start": 0,
                    "end": 1
                  }
                },
                "init": {
                  "type": "ObjectExpression",
                  "properties": [],
                  "loc": null,
                  "range": {
                    "start": 0,
                    "end": 1
                  }
                },
                "loc": null,
                "range": {
                  "start": 0,
                  "end": 1
                }
              }
            ],
            "loc": null,
            "range": {
              "start": 0,
              "end": 1
            }
          },
          {
            "type": "IfStatement",
            "test": {
              "type": "Identifier",
              "name": "a",
              "typeAnnotation": null,
              "loc": null,
              "range": {
                "start": 0,
                "end": 1
              }
            },
            "consequent": {
              "type": "BlockStatement",
              "body": [
                {
                  "type": "VariableDeclaration",
                  "kind": "let",
                  "declarations": [
                    {
                      "type": "VariableDeclarator",
                      "id": {
                        "type": "Identifier",
                        "name": "y",
                        "typeAnnotation": null,
                        "loc": null,
                        "range": {
                          "start": 0,
                          "end": 1
                        }
                      },
                      "init": {
                        "type": "ObjectExpression",
                        "properties": [],
                        "loc": null,
                        "range": {
                          "start": 0,
                          "end": 1
                        }
                      },
                      "loc": null,
                      "range": {
                        "start": 0,
                        "end": 1
                      }
                    }
                  ],
                  "loc": null,
                  "range": {
                    "start": 0,
                    "end": 1
                  }
                },
                {
                  "type": "ExpressionStatement",
                  "expression": {
                    "type": "AssignmentExpression",
                    "operator": "=",
                    "left": {
                      "type": "MemberExpression",
                      "object": {
                        "type": "Identifier",
                        "name": "x",
                        "typeAnnotation": null,
                        "loc": null,
                        "range": {
                          "start": 0,
                          "end": 1
                        }
                      },
                      "property": {
                        "type": "Identifier",
                        "name": "y",
                        "typeAnnotation": null,
                        "loc": null,
                        "range": {
                          "start": 0,
                          "end": 1
                        }
                      },
                      "computed": false,
                      "loc": null,
                      "range": {
                        "start": 0,
                        "end": 1
                      }
                    },
                    "right": {
                      "type": "Identifier",
                      "name": "y",
                      "typeAnnotation": null,
                      "loc": null,
                      "range": {
                        "start": 0,
                        "end": 1
                      }
                    },
                    "loc": null,
                    "range": {
                      "start": 0,
                      "end": 1
                    }
                  },
                  "directive": null,
                  "loc": null,
                  "range": {
                    "start": 0,
                    "end": 1
                  }
                }
              ],
              "loc": null,
              "range": {
                "start": 0,
                "end": 1
              }
            },
            "alternate": {
              "type": "BlockStatement",
              "body": [
                {
                  "type": "VariableDeclaration",
                  "kind": "let",
                  "declarations": [
                    {
                      "type": "VariableDeclarator",
                      "id": {
                        "type": "Identifier",
                        "name": "z",
                        "typeAnnotation": null,
                        "loc": null,
                        "range": {
                          "start": 0,
                          "end": 1
                        }
                      },
                      "init": {
                        "type": "ObjectExpression",
                        "properties": [],
                        "loc": null,
                        "range": {
                          "start": 0,
                          "end": 1
                        }
                      },
                      "loc": null,
                      "range": {
                        "start": 0,
                        "end": 1
                      }
                    }
                  ],
                  "loc": null,
                  "range": {
                    "start": 0,
                    "end": 1
                  }
                },
                {
                  "type": "ExpressionStatement",
                  "expression": {
                    "type": "AssignmentExpression",
                    "operator": "=",
                    "left": {
                      "type": "MemberExpression",
                      "object": {
                        "type": "Identifier",
                        "name": "x",
                        "typeAnnotation": null,
                        "loc": null,
                        "range": {
                          "start": 0,
                          "end": 1
                        }
                      },
                      "property": {
                        "type": "Identifier",
                        "name": "z",
                        "typeAnnotation": null,
                        "loc": null,
                        "range": {
                          "start": 0,
                          "end": 1
                        }
                      },
                      "computed": false,
                      "loc": null,
                      "range": {
                        "start": 0,
                        "end": 1
                      }
                    },
                    "right": {
                      "type": "Identifier",
                      "name": "z",
                      "typeAnnotation": null,
                      "loc": null,
                      "range": {
                        "start": 0,
                        "end": 1
                      }
                    },
                    "loc": null,
                    "range": {
                      "start": 0,
                      "end": 1
                    }
                  },
                  "directive": null,
                  "loc": null,
                  "range": {
                    "start": 0,
                    "end": 1
                  }
                }
              ],
              "loc": null,
              "range": {
                "start": 0,
                "end": 1
              }
            },
            "loc": null,
            "range": {
              "start": 0,
              "end": 1
            }
          },
          {
            "type": "ReturnStatement",
            "argument": {
              "type": "Identifier",
              "name": "x",
              "typeAnnotation": null,
              "loc": null,
              "range": {
                "start": 0,
                "end": 1
              }
            },
            "loc": null,
            "range": {
              "start": 0,
              "end": 1
            }
          }
        ],
        "loc": null,
        "range": {
          "start": 0,
          "end": 1
        }
      },
      "generator": false,
      "async": false,
      "loc": null,
      "range": {
        "start": 0,
        "end": 1
      },
      "loc": null,
      "range": {
        "start": 0,
        "end": 1
      }
    }
  ],
  "sourceType": "script",
  "loc": null,
  "range": {
    "start": 0,
    "end": 1
  }
}
