---
source: crates/forget_hermes_parser/tests/parser_test.rs
expression: "format!(\"Input:\\n{input}\\n\\nOutput:\\n{output}\")"
input_file: crates/forget_hermes_parser/tests/fixtures/function-param-assignment-pattern.js
---
Input:
function Component(x = "default", y = [{}]) {
  return [x, y];
}


Output:
{
  "type": "Program",
  "body": [
    {
      "type": "FunctionDeclaration",
      "id": {
        "type": "Identifier",
        "name": "Component",
        "typeAnnotation": null,
        "loc": null,
        "range": {
          "start": 0,
          "end": 1
        }
      },
      "params": [
        {
          "type": "AssignmentPattern",
          "left": {
            "type": "Identifier",
            "name": "x",
            "typeAnnotation": null,
            "loc": null,
            "range": {
              "start": 0,
              "end": 1
            }
          },
          "right": {
            "type": "StringLiteral",
            "value": "default",
            "loc": null,
            "range": {
              "start": 0,
              "end": 1
            }
          },
          "loc": null,
          "range": {
            "start": 0,
            "end": 1
          }
        },
        {
          "type": "AssignmentPattern",
          "left": {
            "type": "Identifier",
            "name": "y",
            "typeAnnotation": null,
            "loc": null,
            "range": {
              "start": 0,
              "end": 1
            }
          },
          "right": {
            "type": "ArrayExpression",
            "elements": [
              {
                "type": "ObjectExpression",
                "properties": [],
                "loc": null,
                "range": {
                  "start": 0,
                  "end": 1
                }
              }
            ],
            "loc": null,
            "range": {
              "start": 0,
              "end": 1
            }
          },
          "loc": null,
          "range": {
            "start": 0,
            "end": 1
          }
        }
      ],
      "body": {
        "type": "BlockStatement",
        "body": [
          {
            "type": "ReturnStatement",
            "argument": {
              "type": "ArrayExpression",
              "elements": [
                {
                  "type": "Identifier",
                  "name": "x",
                  "typeAnnotation": null,
                  "loc": null,
                  "range": {
                    "start": 0,
                    "end": 1
                  }
                },
                {
                  "type": "Identifier",
                  "name": "y",
                  "typeAnnotation": null,
                  "loc": null,
                  "range": {
                    "start": 0,
                    "end": 1
                  }
                }
              ],
              "loc": null,
              "range": {
                "start": 0,
                "end": 1
              }
            },
            "loc": null,
            "range": {
              "start": 0,
              "end": 1
            }
          }
        ],
        "loc": null,
        "range": {
          "start": 0,
          "end": 1
        }
      },
      "generator": false,
      "async": false,
      "loc": null,
      "range": {
        "start": 0,
        "end": 1
      },
      "loc": null,
      "range": {
        "start": 0,
        "end": 1
      }
    }
  ],
  "sourceType": "script",
  "loc": null,
  "range": {
    "start": 0,
    "end": 1
  }
}
