---
source: crates/forget_hermes_parser/tests/parser_test.rs
expression: "format!(\"Input:\\n{input}\\n\\nOutput:\\n{output}\")"
input_file: crates/forget_hermes_parser/tests/fixtures/type-test-primitive.js
---
Input:
function component() {
  let x = 1;
  let y = 2;

  return y;
}


Output:
{
  "type": "Program",
  "body": [
    {
      "type": "FunctionDeclaration",
      "id": {
        "type": "Identifier",
        "name": "component",
        "typeAnnotation": null,
        "loc": null,
        "range": {
          "start": 9,
          "end": 18
        }
      },
      "params": [],
      "body": {
        "type": "BlockStatement",
        "body": [
          {
            "type": "VariableDeclaration",
            "kind": "let",
            "declarations": [
              {
                "type": "VariableDeclarator",
                "id": {
                  "type": "Identifier",
                  "name": "x",
                  "typeAnnotation": null,
                  "loc": null,
                  "range": {
                    "start": 29,
                    "end": 30
                  }
                },
                "init": {
                  "type": "NumericLiteral",
                  "value": 1.0,
                  "loc": null,
                  "range": {
                    "start": 33,
                    "end": 34
                  }
                },
                "loc": null,
                "range": {
                  "start": 29,
                  "end": 34
                }
              }
            ],
            "loc": null,
            "range": {
              "start": 25,
              "end": 35
            }
          },
          {
            "type": "VariableDeclaration",
            "kind": "let",
            "declarations": [
              {
                "type": "VariableDeclarator",
                "id": {
                  "type": "Identifier",
                  "name": "y",
                  "typeAnnotation": null,
                  "loc": null,
                  "range": {
                    "start": 42,
                    "end": 43
                  }
                },
                "init": {
                  "type": "NumericLiteral",
                  "value": 2.0,
                  "loc": null,
                  "range": {
                    "start": 46,
                    "end": 47
                  }
                },
                "loc": null,
                "range": {
                  "start": 42,
                  "end": 47
                }
              }
            ],
            "loc": null,
            "range": {
              "start": 38,
              "end": 48
            }
          },
          {
            "type": "ReturnStatement",
            "argument": {
              "type": "Identifier",
              "name": "y",
              "typeAnnotation": null,
              "loc": null,
              "range": {
                "start": 59,
                "end": 60
              }
            },
            "loc": null,
            "range": {
              "start": 52,
              "end": 61
            }
          }
        ],
        "loc": null,
        "range": {
          "start": 21,
          "end": 63
        }
      },
      "generator": false,
      "async": false,
      "loc": null,
      "range": {
        "start": 0,
        "end": 63
      },
      "loc": null,
      "range": {
        "start": 0,
        "end": 63
      }
    }
  ],
  "sourceType": "script",
  "loc": null,
  "range": {
    "start": 0,
    "end": 63
  }
}
