---
source: crates/forget_hermes_parser/tests/parser_test.rs
expression: "format!(\"Input:\\n{input}\\n\\nOutput:\\n{output}\")"
input_file: crates/forget_hermes_parser/tests/fixtures/obj-mutated-after-if-else-with-alias.js
---
Input:
function foo(a, b, c, d) {
  let x = someObj();
  if (a) {
    const y = someObj();
    const z = y;
    x = z;
  } else {
    x = someObj();
  }

  x.f = 1;
  return x;
}


Output:
{
  "type": "Program",
  "body": [
    {
      "type": "FunctionDeclaration",
      "id": {
        "type": "Identifier",
        "name": "foo",
        "typeAnnotation": null,
        "loc": null,
        "range": {
          "start": 0,
          "end": 1
        }
      },
      "params": [
        {
          "type": "Identifier",
          "name": "a",
          "typeAnnotation": null,
          "loc": null,
          "range": {
            "start": 0,
            "end": 1
          }
        },
        {
          "type": "Identifier",
          "name": "b",
          "typeAnnotation": null,
          "loc": null,
          "range": {
            "start": 0,
            "end": 1
          }
        },
        {
          "type": "Identifier",
          "name": "c",
          "typeAnnotation": null,
          "loc": null,
          "range": {
            "start": 0,
            "end": 1
          }
        },
        {
          "type": "Identifier",
          "name": "d",
          "typeAnnotation": null,
          "loc": null,
          "range": {
            "start": 0,
            "end": 1
          }
        }
      ],
      "body": {
        "type": "BlockStatement",
        "body": [
          {
            "type": "VariableDeclaration",
            "kind": "let",
            "declarations": [
              {
                "type": "VariableDeclarator",
                "id": {
                  "type": "Identifier",
                  "name": "x",
                  "typeAnnotation": null,
                  "loc": null,
                  "range": {
                    "start": 0,
                    "end": 1
                  }
                },
                "init": {
                  "type": "CallExpression",
                  "callee": {
                    "type": "Identifier",
                    "name": "someObj",
                    "typeAnnotation": null,
                    "loc": null,
                    "range": {
                      "start": 0,
                      "end": 1
                    }
                  },
                  "arguments": [],
                  "loc": null,
                  "range": {
                    "start": 0,
                    "end": 1
                  }
                },
                "loc": null,
                "range": {
                  "start": 0,
                  "end": 1
                }
              }
            ],
            "loc": null,
            "range": {
              "start": 0,
              "end": 1
            }
          },
          {
            "type": "IfStatement",
            "test": {
              "type": "Identifier",
              "name": "a",
              "typeAnnotation": null,
              "loc": null,
              "range": {
                "start": 0,
                "end": 1
              }
            },
            "consequent": {
              "type": "BlockStatement",
              "body": [
                {
                  "type": "VariableDeclaration",
                  "kind": "const",
                  "declarations": [
                    {
                      "type": "VariableDeclarator",
                      "id": {
                        "type": "Identifier",
                        "name": "y",
                        "typeAnnotation": null,
                        "loc": null,
                        "range": {
                          "start": 0,
                          "end": 1
                        }
                      },
                      "init": {
                        "type": "CallExpression",
                        "callee": {
                          "type": "Identifier",
                          "name": "someObj",
                          "typeAnnotation": null,
                          "loc": null,
                          "range": {
                            "start": 0,
                            "end": 1
                          }
                        },
                        "arguments": [],
                        "loc": null,
                        "range": {
                          "start": 0,
                          "end": 1
                        }
                      },
                      "loc": null,
                      "range": {
                        "start": 0,
                        "end": 1
                      }
                    }
                  ],
                  "loc": null,
                  "range": {
                    "start": 0,
                    "end": 1
                  }
                },
                {
                  "type": "VariableDeclaration",
                  "kind": "const",
                  "declarations": [
                    {
                      "type": "VariableDeclarator",
                      "id": {
                        "type": "Identifier",
                        "name": "z",
                        "typeAnnotation": null,
                        "loc": null,
                        "range": {
                          "start": 0,
                          "end": 1
                        }
                      },
                      "init": {
                        "type": "Identifier",
                        "name": "y",
                        "typeAnnotation": null,
                        "loc": null,
                        "range": {
                          "start": 0,
                          "end": 1
                        }
                      },
                      "loc": null,
                      "range": {
                        "start": 0,
                        "end": 1
                      }
                    }
                  ],
                  "loc": null,
                  "range": {
                    "start": 0,
                    "end": 1
                  }
                },
                {
                  "type": "ExpressionStatement",
                  "expression": {
                    "type": "AssignmentExpression",
                    "operator": "=",
                    "left": {
                      "type": "Identifier",
                      "name": "x",
                      "typeAnnotation": null,
                      "loc": null,
                      "range": {
                        "start": 0,
                        "end": 1
                      }
                    },
                    "right": {
                      "type": "Identifier",
                      "name": "z",
                      "typeAnnotation": null,
                      "loc": null,
                      "range": {
                        "start": 0,
                        "end": 1
                      }
                    },
                    "loc": null,
                    "range": {
                      "start": 0,
                      "end": 1
                    }
                  },
                  "directive": null,
                  "loc": null,
                  "range": {
                    "start": 0,
                    "end": 1
                  }
                }
              ],
              "loc": null,
              "range": {
                "start": 0,
                "end": 1
              }
            },
            "alternate": {
              "type": "BlockStatement",
              "body": [
                {
                  "type": "ExpressionStatement",
                  "expression": {
                    "type": "AssignmentExpression",
                    "operator": "=",
                    "left": {
                      "type": "Identifier",
                      "name": "x",
                      "typeAnnotation": null,
                      "loc": null,
                      "range": {
                        "start": 0,
                        "end": 1
                      }
                    },
                    "right": {
                      "type": "CallExpression",
                      "callee": {
                        "type": "Identifier",
                        "name": "someObj",
                        "typeAnnotation": null,
                        "loc": null,
                        "range": {
                          "start": 0,
                          "end": 1
                        }
                      },
                      "arguments": [],
                      "loc": null,
                      "range": {
                        "start": 0,
                        "end": 1
                      }
                    },
                    "loc": null,
                    "range": {
                      "start": 0,
                      "end": 1
                    }
                  },
                  "directive": null,
                  "loc": null,
                  "range": {
                    "start": 0,
                    "end": 1
                  }
                }
              ],
              "loc": null,
              "range": {
                "start": 0,
                "end": 1
              }
            },
            "loc": null,
            "range": {
              "start": 0,
              "end": 1
            }
          },
          {
            "type": "ExpressionStatement",
            "expression": {
              "type": "AssignmentExpression",
              "operator": "=",
              "left": {
                "type": "MemberExpression",
                "object": {
                  "type": "Identifier",
                  "name": "x",
                  "typeAnnotation": null,
                  "loc": null,
                  "range": {
                    "start": 0,
                    "end": 1
                  }
                },
                "property": {
                  "type": "Identifier",
                  "name": "f",
                  "typeAnnotation": null,
                  "loc": null,
                  "range": {
                    "start": 0,
                    "end": 1
                  }
                },
                "computed": false,
                "loc": null,
                "range": {
                  "start": 0,
                  "end": 1
                }
              },
              "right": {
                "type": "NumericLiteral",
                "value": 1.0,
                "loc": null,
                "range": {
                  "start": 0,
                  "end": 1
                }
              },
              "loc": null,
              "range": {
                "start": 0,
                "end": 1
              }
            },
            "directive": null,
            "loc": null,
            "range": {
              "start": 0,
              "end": 1
            }
          },
          {
            "type": "ReturnStatement",
            "argument": {
              "type": "Identifier",
              "name": "x",
              "typeAnnotation": null,
              "loc": null,
              "range": {
                "start": 0,
                "end": 1
              }
            },
            "loc": null,
            "range": {
              "start": 0,
              "end": 1
            }
          }
        ],
        "loc": null,
        "range": {
          "start": 0,
          "end": 1
        }
      },
      "generator": false,
      "async": false,
      "loc": null,
      "range": {
        "start": 0,
        "end": 1
      },
      "loc": null,
      "range": {
        "start": 0,
        "end": 1
      }
    }
  ],
  "sourceType": "script",
  "loc": null,
  "range": {
    "start": 0,
    "end": 1
  }
}
