---
source: crates/forget_hermes_parser/tests/parser_test.rs
expression: "format!(\"Input:\\n{input}\\n\\nOutput:\\n{output}\")"
input_file: crates/forget_hermes_parser/tests/fixtures/ssa-property-mutate-alias.js
---
Input:
function foo() {
  const a = {};
  const y = a;
  const x = [];

  y.x = x;

  mutate(a); // y & x are aliased to a
  return y;
}


Output:
{
  "type": "Program",
  "body": [
    {
      "type": "FunctionDeclaration",
      "id": {
        "type": "Identifier",
        "name": "foo",
        "typeAnnotation": null,
        "loc": null,
        "range": {
          "start": 9,
          "end": 12
        }
      },
      "params": [],
      "body": {
        "type": "BlockStatement",
        "body": [
          {
            "type": "VariableDeclaration",
            "kind": "const",
            "declarations": [
              {
                "type": "VariableDeclarator",
                "id": {
                  "type": "Identifier",
                  "name": "a",
                  "typeAnnotation": null,
                  "loc": null,
                  "range": {
                    "start": 25,
                    "end": 26
                  }
                },
                "init": {
                  "type": "ObjectExpression",
                  "properties": [],
                  "loc": null,
                  "range": {
                    "start": 29,
                    "end": 31
                  }
                },
                "loc": null,
                "range": {
                  "start": 25,
                  "end": 31
                }
              }
            ],
            "loc": null,
            "range": {
              "start": 19,
              "end": 32
            }
          },
          {
            "type": "VariableDeclaration",
            "kind": "const",
            "declarations": [
              {
                "type": "VariableDeclarator",
                "id": {
                  "type": "Identifier",
                  "name": "y",
                  "typeAnnotation": null,
                  "loc": null,
                  "range": {
                    "start": 41,
                    "end": 42
                  }
                },
                "init": {
                  "type": "Identifier",
                  "name": "a",
                  "typeAnnotation": null,
                  "loc": null,
                  "range": {
                    "start": 45,
                    "end": 46
                  }
                },
                "loc": null,
                "range": {
                  "start": 41,
                  "end": 46
                }
              }
            ],
            "loc": null,
            "range": {
              "start": 35,
              "end": 47
            }
          },
          {
            "type": "VariableDeclaration",
            "kind": "const",
            "declarations": [
              {
                "type": "VariableDeclarator",
                "id": {
                  "type": "Identifier",
                  "name": "x",
                  "typeAnnotation": null,
                  "loc": null,
                  "range": {
                    "start": 56,
                    "end": 57
                  }
                },
                "init": {
                  "type": "ArrayExpression",
                  "elements": [],
                  "loc": null,
                  "range": {
                    "start": 60,
                    "end": 62
                  }
                },
                "loc": null,
                "range": {
                  "start": 56,
                  "end": 62
                }
              }
            ],
            "loc": null,
            "range": {
              "start": 50,
              "end": 63
            }
          },
          {
            "type": "ExpressionStatement",
            "expression": {
              "type": "AssignmentExpression",
              "operator": "=",
              "left": {
                "type": "MemberExpression",
                "object": {
                  "type": "Identifier",
                  "name": "y",
                  "typeAnnotation": null,
                  "loc": null,
                  "range": {
                    "start": 67,
                    "end": 68
                  }
                },
                "property": {
                  "type": "Identifier",
                  "name": "x",
                  "typeAnnotation": null,
                  "loc": null,
                  "range": {
                    "start": 69,
                    "end": 70
                  }
                },
                "computed": false,
                "loc": null,
                "range": {
                  "start": 67,
                  "end": 70
                }
              },
              "right": {
                "type": "Identifier",
                "name": "x",
                "typeAnnotation": null,
                "loc": null,
                "range": {
                  "start": 73,
                  "end": 74
                }
              },
              "loc": null,
              "range": {
                "start": 67,
                "end": 74
              }
            },
            "directive": null,
            "loc": null,
            "range": {
              "start": 67,
              "end": 75
            }
          },
          {
            "type": "ExpressionStatement",
            "expression": {
              "type": "CallExpression",
              "callee": {
                "type": "Identifier",
                "name": "mutate",
                "typeAnnotation": null,
                "loc": null,
                "range": {
                  "start": 79,
                  "end": 85
                }
              },
              "arguments": [
                {
                  "type": "Identifier",
                  "name": "a",
                  "typeAnnotation": null,
                  "loc": null,
                  "range": {
                    "start": 86,
                    "end": 87
                  }
                }
              ],
              "loc": null,
              "range": {
                "start": 79,
                "end": 88
              }
            },
            "directive": null,
            "loc": null,
            "range": {
              "start": 79,
              "end": 89
            }
          },
          {
            "type": "ReturnStatement",
            "argument": {
              "type": "Identifier",
              "name": "y",
              "typeAnnotation": null,
              "loc": null,
              "range": {
                "start": 125,
                "end": 126
              }
            },
            "loc": null,
            "range": {
              "start": 118,
              "end": 127
            }
          }
        ],
        "loc": null,
        "range": {
          "start": 15,
          "end": 129
        }
      },
      "generator": false,
      "async": false,
      "loc": null,
      "range": {
        "start": 0,
        "end": 129
      },
      "loc": null,
      "range": {
        "start": 0,
        "end": 129
      }
    }
  ],
  "sourceType": "script",
  "loc": null,
  "range": {
    "start": 0,
    "end": 129
  }
}
