---
source: crates/forget_hermes_parser/tests/parser_test.rs
expression: "format!(\"Input:\\n{input}\\n\\nOutput:\\n{output}\")"
input_file: crates/forget_hermes_parser/tests/fixtures/capturing-func-alias-captured-mutate.js
---
Input:
function component(foo, bar) {
  let x = { foo };
  let y = { bar };
  (function () {
    let a = { y };
    let b = x;
    a.x = b;
  })();
  mutate(y);
  return y;
}


Output:
{
  "type": "Program",
  "body": [
    {
      "type": "FunctionDeclaration",
      "id": {
        "type": "Identifier",
        "name": "component",
        "typeAnnotation": null,
        "loc": null,
        "range": {
          "start": 0,
          "end": 1
        }
      },
      "params": [
        {
          "type": "Identifier",
          "name": "foo",
          "typeAnnotation": null,
          "loc": null,
          "range": {
            "start": 0,
            "end": 1
          }
        },
        {
          "type": "Identifier",
          "name": "bar",
          "typeAnnotation": null,
          "loc": null,
          "range": {
            "start": 0,
            "end": 1
          }
        }
      ],
      "body": {
        "type": "BlockStatement",
        "body": [
          {
            "type": "VariableDeclaration",
            "kind": "let",
            "declarations": [
              {
                "type": "VariableDeclarator",
                "id": {
                  "type": "Identifier",
                  "name": "x",
                  "typeAnnotation": null,
                  "loc": null,
                  "range": {
                    "start": 0,
                    "end": 1
                  }
                },
                "init": {
                  "type": "ObjectExpression",
                  "properties": [
                    {
                      "type": "Property",
                      "key": {
                        "type": "Identifier",
                        "name": "foo",
                        "typeAnnotation": null,
                        "loc": null,
                        "range": {
                          "start": 0,
                          "end": 1
                        }
                      },
                      "value": {
                        "type": "Identifier",
                        "name": "foo",
                        "typeAnnotation": null,
                        "loc": null,
                        "range": {
                          "start": 0,
                          "end": 1
                        }
                      },
                      "kind": "init",
                      "method": false,
                      "shorthand": true,
                      "computed": false,
                      "loc": null,
                      "range": {
                        "start": 0,
                        "end": 1
                      }
                    }
                  ],
                  "loc": null,
                  "range": {
                    "start": 0,
                    "end": 1
                  }
                },
                "loc": null,
                "range": {
                  "start": 0,
                  "end": 1
                }
              }
            ],
            "loc": null,
            "range": {
              "start": 0,
              "end": 1
            }
          },
          {
            "type": "VariableDeclaration",
            "kind": "let",
            "declarations": [
              {
                "type": "VariableDeclarator",
                "id": {
                  "type": "Identifier",
                  "name": "y",
                  "typeAnnotation": null,
                  "loc": null,
                  "range": {
                    "start": 0,
                    "end": 1
                  }
                },
                "init": {
                  "type": "ObjectExpression",
                  "properties": [
                    {
                      "type": "Property",
                      "key": {
                        "type": "Identifier",
                        "name": "bar",
                        "typeAnnotation": null,
                        "loc": null,
                        "range": {
                          "start": 0,
                          "end": 1
                        }
                      },
                      "value": {
                        "type": "Identifier",
                        "name": "bar",
                        "typeAnnotation": null,
                        "loc": null,
                        "range": {
                          "start": 0,
                          "end": 1
                        }
                      },
                      "kind": "init",
                      "method": false,
                      "shorthand": true,
                      "computed": false,
                      "loc": null,
                      "range": {
                        "start": 0,
                        "end": 1
                      }
                    }
                  ],
                  "loc": null,
                  "range": {
                    "start": 0,
                    "end": 1
                  }
                },
                "loc": null,
                "range": {
                  "start": 0,
                  "end": 1
                }
              }
            ],
            "loc": null,
            "range": {
              "start": 0,
              "end": 1
            }
          },
          {
            "type": "ExpressionStatement",
            "expression": {
              "type": "CallExpression",
              "callee": {
                "type": "FunctionExpression",
                "id": null,
                "params": [],
                "body": {
                  "type": "BlockStatement",
                  "body": [
                    {
                      "type": "VariableDeclaration",
                      "kind": "let",
                      "declarations": [
                        {
                          "type": "VariableDeclarator",
                          "id": {
                            "type": "Identifier",
                            "name": "a",
                            "typeAnnotation": null,
                            "loc": null,
                            "range": {
                              "start": 0,
                              "end": 1
                            }
                          },
                          "init": {
                            "type": "ObjectExpression",
                            "properties": [
                              {
                                "type": "Property",
                                "key": {
                                  "type": "Identifier",
                                  "name": "y",
                                  "typeAnnotation": null,
                                  "loc": null,
                                  "range": {
                                    "start": 0,
                                    "end": 1
                                  }
                                },
                                "value": {
                                  "type": "Identifier",
                                  "name": "y",
                                  "typeAnnotation": null,
                                  "loc": null,
                                  "range": {
                                    "start": 0,
                                    "end": 1
                                  }
                                },
                                "kind": "init",
                                "method": false,
                                "shorthand": true,
                                "computed": false,
                                "loc": null,
                                "range": {
                                  "start": 0,
                                  "end": 1
                                }
                              }
                            ],
                            "loc": null,
                            "range": {
                              "start": 0,
                              "end": 1
                            }
                          },
                          "loc": null,
                          "range": {
                            "start": 0,
                            "end": 1
                          }
                        }
                      ],
                      "loc": null,
                      "range": {
                        "start": 0,
                        "end": 1
                      }
                    },
                    {
                      "type": "VariableDeclaration",
                      "kind": "let",
                      "declarations": [
                        {
                          "type": "VariableDeclarator",
                          "id": {
                            "type": "Identifier",
                            "name": "b",
                            "typeAnnotation": null,
                            "loc": null,
                            "range": {
                              "start": 0,
                              "end": 1
                            }
                          },
                          "init": {
                            "type": "Identifier",
                            "name": "x",
                            "typeAnnotation": null,
                            "loc": null,
                            "range": {
                              "start": 0,
                              "end": 1
                            }
                          },
                          "loc": null,
                          "range": {
                            "start": 0,
                            "end": 1
                          }
                        }
                      ],
                      "loc": null,
                      "range": {
                        "start": 0,
                        "end": 1
                      }
                    },
                    {
                      "type": "ExpressionStatement",
                      "expression": {
                        "type": "AssignmentExpression",
                        "operator": "=",
                        "left": {
                          "type": "MemberExpression",
                          "object": {
                            "type": "Identifier",
                            "name": "a",
                            "typeAnnotation": null,
                            "loc": null,
                            "range": {
                              "start": 0,
                              "end": 1
                            }
                          },
                          "property": {
                            "type": "Identifier",
                            "name": "x",
                            "typeAnnotation": null,
                            "loc": null,
                            "range": {
                              "start": 0,
                              "end": 1
                            }
                          },
                          "computed": false,
                          "loc": null,
                          "range": {
                            "start": 0,
                            "end": 1
                          }
                        },
                        "right": {
                          "type": "Identifier",
                          "name": "b",
                          "typeAnnotation": null,
                          "loc": null,
                          "range": {
                            "start": 0,
                            "end": 1
                          }
                        },
                        "loc": null,
                        "range": {
                          "start": 0,
                          "end": 1
                        }
                      },
                      "directive": null,
                      "loc": null,
                      "range": {
                        "start": 0,
                        "end": 1
                      }
                    }
                  ],
                  "loc": null,
                  "range": {
                    "start": 0,
                    "end": 1
                  }
                },
                "generator": false,
                "async": false,
                "loc": null,
                "range": {
                  "start": 0,
                  "end": 1
                },
                "loc": null,
                "range": {
                  "start": 0,
                  "end": 1
                }
              },
              "arguments": [],
              "loc": null,
              "range": {
                "start": 0,
                "end": 1
              }
            },
            "directive": null,
            "loc": null,
            "range": {
              "start": 0,
              "end": 1
            }
          },
          {
            "type": "ExpressionStatement",
            "expression": {
              "type": "CallExpression",
              "callee": {
                "type": "Identifier",
                "name": "mutate",
                "typeAnnotation": null,
                "loc": null,
                "range": {
                  "start": 0,
                  "end": 1
                }
              },
              "arguments": [
                {
                  "type": "Identifier",
                  "name": "y",
                  "typeAnnotation": null,
                  "loc": null,
                  "range": {
                    "start": 0,
                    "end": 1
                  }
                }
              ],
              "loc": null,
              "range": {
                "start": 0,
                "end": 1
              }
            },
            "directive": null,
            "loc": null,
            "range": {
              "start": 0,
              "end": 1
            }
          },
          {
            "type": "ReturnStatement",
            "argument": {
              "type": "Identifier",
              "name": "y",
              "typeAnnotation": null,
              "loc": null,
              "range": {
                "start": 0,
                "end": 1
              }
            },
            "loc": null,
            "range": {
              "start": 0,
              "end": 1
            }
          }
        ],
        "loc": null,
        "range": {
          "start": 0,
          "end": 1
        }
      },
      "generator": false,
      "async": false,
      "loc": null,
      "range": {
        "start": 0,
        "end": 1
      },
      "loc": null,
      "range": {
        "start": 0,
        "end": 1
      }
    }
  ],
  "sourceType": "script",
  "loc": null,
  "range": {
    "start": 0,
    "end": 1
  }
}
