---
source: crates/forget_hermes_parser/tests/parser_test.rs
expression: "format!(\"Input:\\n{input}\\n\\nOutput:\\n{output}\")"
input_file: crates/forget_hermes_parser/tests/fixtures/ssa-complex-multiple-if.js
---
Input:
function foo() {
  let x = 1;
  let y = 2;
  if (y === 2) {
    x = 3;
  }

  if (y === 3) {
    x = 5;
  }
  y = x;
}


Output:
{
  "type": "Program",
  "body": [
    {
      "type": "FunctionDeclaration",
      "id": {
        "type": "Identifier",
        "name": "foo",
        "typeAnnotation": null,
        "loc": null,
        "range": {
          "start": 9,
          "end": 12
        }
      },
      "params": [],
      "body": {
        "type": "BlockStatement",
        "body": [
          {
            "type": "VariableDeclaration",
            "kind": "let",
            "declarations": [
              {
                "type": "VariableDeclarator",
                "id": {
                  "type": "Identifier",
                  "name": "x",
                  "typeAnnotation": null,
                  "loc": null,
                  "range": {
                    "start": 23,
                    "end": 24
                  }
                },
                "init": {
                  "type": "NumericLiteral",
                  "value": 1.0,
                  "loc": null,
                  "range": {
                    "start": 27,
                    "end": 28
                  }
                },
                "loc": null,
                "range": {
                  "start": 23,
                  "end": 28
                }
              }
            ],
            "loc": null,
            "range": {
              "start": 19,
              "end": 29
            }
          },
          {
            "type": "VariableDeclaration",
            "kind": "let",
            "declarations": [
              {
                "type": "VariableDeclarator",
                "id": {
                  "type": "Identifier",
                  "name": "y",
                  "typeAnnotation": null,
                  "loc": null,
                  "range": {
                    "start": 36,
                    "end": 37
                  }
                },
                "init": {
                  "type": "NumericLiteral",
                  "value": 2.0,
                  "loc": null,
                  "range": {
                    "start": 40,
                    "end": 41
                  }
                },
                "loc": null,
                "range": {
                  "start": 36,
                  "end": 41
                }
              }
            ],
            "loc": null,
            "range": {
              "start": 32,
              "end": 42
            }
          },
          {
            "type": "IfStatement",
            "test": {
              "type": "BinaryExpression",
              "left": {
                "type": "Identifier",
                "name": "y",
                "typeAnnotation": null,
                "loc": null,
                "range": {
                  "start": 49,
                  "end": 50
                }
              },
              "operator": "===",
              "right": {
                "type": "NumericLiteral",
                "value": 2.0,
                "loc": null,
                "range": {
                  "start": 55,
                  "end": 56
                }
              },
              "loc": null,
              "range": {
                "start": 49,
                "end": 56
              }
            },
            "consequent": {
              "type": "BlockStatement",
              "body": [
                {
                  "type": "ExpressionStatement",
                  "expression": {
                    "type": "AssignmentExpression",
                    "operator": "=",
                    "left": {
                      "type": "Identifier",
                      "name": "x",
                      "typeAnnotation": null,
                      "loc": null,
                      "range": {
                        "start": 64,
                        "end": 65
                      }
                    },
                    "right": {
                      "type": "NumericLiteral",
                      "value": 3.0,
                      "loc": null,
                      "range": {
                        "start": 68,
                        "end": 69
                      }
                    },
                    "loc": null,
                    "range": {
                      "start": 64,
                      "end": 69
                    }
                  },
                  "directive": null,
                  "loc": null,
                  "range": {
                    "start": 64,
                    "end": 70
                  }
                }
              ],
              "loc": null,
              "range": {
                "start": 58,
                "end": 74
              }
            },
            "alternate": null,
            "loc": null,
            "range": {
              "start": 45,
              "end": 74
            }
          },
          {
            "type": "IfStatement",
            "test": {
              "type": "BinaryExpression",
              "left": {
                "type": "Identifier",
                "name": "y",
                "typeAnnotation": null,
                "loc": null,
                "range": {
                  "start": 82,
                  "end": 83
                }
              },
              "operator": "===",
              "right": {
                "type": "NumericLiteral",
                "value": 3.0,
                "loc": null,
                "range": {
                  "start": 88,
                  "end": 89
                }
              },
              "loc": null,
              "range": {
                "start": 82,
                "end": 89
              }
            },
            "consequent": {
              "type": "BlockStatement",
              "body": [
                {
                  "type": "ExpressionStatement",
                  "expression": {
                    "type": "AssignmentExpression",
                    "operator": "=",
                    "left": {
                      "type": "Identifier",
                      "name": "x",
                      "typeAnnotation": null,
                      "loc": null,
                      "range": {
                        "start": 97,
                        "end": 98
                      }
                    },
                    "right": {
                      "type": "NumericLiteral",
                      "value": 5.0,
                      "loc": null,
                      "range": {
                        "start": 101,
                        "end": 102
                      }
                    },
                    "loc": null,
                    "range": {
                      "start": 97,
                      "end": 102
                    }
                  },
                  "directive": null,
                  "loc": null,
                  "range": {
                    "start": 97,
                    "end": 103
                  }
                }
              ],
              "loc": null,
              "range": {
                "start": 91,
                "end": 107
              }
            },
            "alternate": null,
            "loc": null,
            "range": {
              "start": 78,
              "end": 107
            }
          },
          {
            "type": "ExpressionStatement",
            "expression": {
              "type": "AssignmentExpression",
              "operator": "=",
              "left": {
                "type": "Identifier",
                "name": "y",
                "typeAnnotation": null,
                "loc": null,
                "range": {
                  "start": 110,
                  "end": 111
                }
              },
              "right": {
                "type": "Identifier",
                "name": "x",
                "typeAnnotation": null,
                "loc": null,
                "range": {
                  "start": 114,
                  "end": 115
                }
              },
              "loc": null,
              "range": {
                "start": 110,
                "end": 115
              }
            },
            "directive": null,
            "loc": null,
            "range": {
              "start": 110,
              "end": 116
            }
          }
        ],
        "loc": null,
        "range": {
          "start": 15,
          "end": 118
        }
      },
      "generator": false,
      "async": false,
      "loc": null,
      "range": {
        "start": 0,
        "end": 118
      },
      "loc": null,
      "range": {
        "start": 0,
        "end": 118
      }
    }
  ],
  "sourceType": "script",
  "loc": null,
  "range": {
    "start": 0,
    "end": 118
  }
}
