---
source: crates/forget_hermes_parser/tests/parser_test.rs
expression: "format!(\"Input:\\n{input}\\n\\nOutput:\\n{output}\")"
input_file: crates/forget_hermes_parser/tests/fixtures/ssa-property-mutate-2.js
---
Input:
function foo() {
  const x = [];
  const y = {};
  y.x = x;
  mutate(x);
  return y;
}


Output:
{
  "type": "Program",
  "body": [
    {
      "type": "FunctionDeclaration",
      "id": {
        "type": "Identifier",
        "name": "foo",
        "typeAnnotation": null,
        "loc": null,
        "range": {
          "start": 9,
          "end": 12
        }
      },
      "params": [],
      "body": {
        "type": "BlockStatement",
        "body": [
          {
            "type": "VariableDeclaration",
            "kind": "const",
            "declarations": [
              {
                "type": "VariableDeclarator",
                "id": {
                  "type": "Identifier",
                  "name": "x",
                  "typeAnnotation": null,
                  "loc": null,
                  "range": {
                    "start": 25,
                    "end": 26
                  }
                },
                "init": {
                  "type": "ArrayExpression",
                  "elements": [],
                  "loc": null,
                  "range": {
                    "start": 29,
                    "end": 31
                  }
                },
                "loc": null,
                "range": {
                  "start": 25,
                  "end": 31
                }
              }
            ],
            "loc": null,
            "range": {
              "start": 19,
              "end": 32
            }
          },
          {
            "type": "VariableDeclaration",
            "kind": "const",
            "declarations": [
              {
                "type": "VariableDeclarator",
                "id": {
                  "type": "Identifier",
                  "name": "y",
                  "typeAnnotation": null,
                  "loc": null,
                  "range": {
                    "start": 41,
                    "end": 42
                  }
                },
                "init": {
                  "type": "ObjectExpression",
                  "properties": [],
                  "loc": null,
                  "range": {
                    "start": 45,
                    "end": 47
                  }
                },
                "loc": null,
                "range": {
                  "start": 41,
                  "end": 47
                }
              }
            ],
            "loc": null,
            "range": {
              "start": 35,
              "end": 48
            }
          },
          {
            "type": "ExpressionStatement",
            "expression": {
              "type": "AssignmentExpression",
              "operator": "=",
              "left": {
                "type": "MemberExpression",
                "object": {
                  "type": "Identifier",
                  "name": "y",
                  "typeAnnotation": null,
                  "loc": null,
                  "range": {
                    "start": 51,
                    "end": 52
                  }
                },
                "property": {
                  "type": "Identifier",
                  "name": "x",
                  "typeAnnotation": null,
                  "loc": null,
                  "range": {
                    "start": 53,
                    "end": 54
                  }
                },
                "computed": false,
                "loc": null,
                "range": {
                  "start": 51,
                  "end": 54
                }
              },
              "right": {
                "type": "Identifier",
                "name": "x",
                "typeAnnotation": null,
                "loc": null,
                "range": {
                  "start": 57,
                  "end": 58
                }
              },
              "loc": null,
              "range": {
                "start": 51,
                "end": 58
              }
            },
            "directive": null,
            "loc": null,
            "range": {
              "start": 51,
              "end": 59
            }
          },
          {
            "type": "ExpressionStatement",
            "expression": {
              "type": "CallExpression",
              "callee": {
                "type": "Identifier",
                "name": "mutate",
                "typeAnnotation": null,
                "loc": null,
                "range": {
                  "start": 62,
                  "end": 68
                }
              },
              "arguments": [
                {
                  "type": "Identifier",
                  "name": "x",
                  "typeAnnotation": null,
                  "loc": null,
                  "range": {
                    "start": 69,
                    "end": 70
                  }
                }
              ],
              "loc": null,
              "range": {
                "start": 62,
                "end": 71
              }
            },
            "directive": null,
            "loc": null,
            "range": {
              "start": 62,
              "end": 72
            }
          },
          {
            "type": "ReturnStatement",
            "argument": {
              "type": "Identifier",
              "name": "y",
              "typeAnnotation": null,
              "loc": null,
              "range": {
                "start": 82,
                "end": 83
              }
            },
            "loc": null,
            "range": {
              "start": 75,
              "end": 84
            }
          }
        ],
        "loc": null,
        "range": {
          "start": 15,
          "end": 86
        }
      },
      "generator": false,
      "async": false,
      "loc": null,
      "range": {
        "start": 0,
        "end": 86
      },
      "loc": null,
      "range": {
        "start": 0,
        "end": 86
      }
    }
  ],
  "sourceType": "script",
  "loc": null,
  "range": {
    "start": 0,
    "end": 86
  }
}
