---
source: crates/forget_hermes_parser/tests/parser_test.rs
expression: "format!(\"Input:\\n{input}\\n\\nOutput:\\n{output}\")"
input_file: crates/forget_hermes_parser/tests/fixtures/object-expression-string-literal-key.js
---
Input:
function Component(props) {
  const x = { ["foo"]: props.foo };
  return x;
}


Output:
{
  "type": "Program",
  "body": [
    {
      "type": "FunctionDeclaration",
      "id": {
        "type": "Identifier",
        "name": "Component",
        "typeAnnotation": null,
        "loc": null,
        "range": {
          "start": 9,
          "end": 18
        }
      },
      "params": [
        {
          "type": "Identifier",
          "name": "props",
          "typeAnnotation": null,
          "loc": null,
          "range": {
            "start": 19,
            "end": 24
          }
        }
      ],
      "body": {
        "type": "BlockStatement",
        "body": [
          {
            "type": "VariableDeclaration",
            "kind": "const",
            "declarations": [
              {
                "type": "VariableDeclarator",
                "id": {
                  "type": "Identifier",
                  "name": "x",
                  "typeAnnotation": null,
                  "loc": null,
                  "range": {
                    "start": 36,
                    "end": 37
                  }
                },
                "init": {
                  "type": "ObjectExpression",
                  "properties": [
                    {
                      "type": "Property",
                      "key": {
                        "type": "StringLiteral",
                        "value": "foo",
                        "loc": null,
                        "range": {
                          "start": 43,
                          "end": 48
                        }
                      },
                      "value": {
                        "type": "MemberExpression",
                        "object": {
                          "type": "Identifier",
                          "name": "props",
                          "typeAnnotation": null,
                          "loc": null,
                          "range": {
                            "start": 51,
                            "end": 56
                          }
                        },
                        "property": {
                          "type": "Identifier",
                          "name": "foo",
                          "typeAnnotation": null,
                          "loc": null,
                          "range": {
                            "start": 57,
                            "end": 60
                          }
                        },
                        "computed": false,
                        "loc": null,
                        "range": {
                          "start": 51,
                          "end": 60
                        }
                      },
                      "kind": "init",
                      "method": false,
                      "shorthand": false,
                      "computed": true,
                      "loc": null,
                      "range": {
                        "start": 42,
                        "end": 60
                      }
                    }
                  ],
                  "loc": null,
                  "range": {
                    "start": 40,
                    "end": 62
                  }
                },
                "loc": null,
                "range": {
                  "start": 36,
                  "end": 62
                }
              }
            ],
            "loc": null,
            "range": {
              "start": 30,
              "end": 63
            }
          },
          {
            "type": "ReturnStatement",
            "argument": {
              "type": "Identifier",
              "name": "x",
              "typeAnnotation": null,
              "loc": null,
              "range": {
                "start": 73,
                "end": 74
              }
            },
            "loc": null,
            "range": {
              "start": 66,
              "end": 75
            }
          }
        ],
        "loc": null,
        "range": {
          "start": 26,
          "end": 77
        }
      },
      "generator": false,
      "async": false,
      "loc": null,
      "range": {
        "start": 0,
        "end": 77
      },
      "loc": null,
      "range": {
        "start": 0,
        "end": 77
      }
    }
  ],
  "sourceType": "script",
  "loc": null,
  "range": {
    "start": 0,
    "end": 77
  }
}
