---
source: crates/forget_hermes_parser/tests/parser_test.rs
expression: "format!(\"Input:\\n{input}\\n\\nOutput:\\n{output}\")"
input_file: crates/forget_hermes_parser/tests/fixtures/unary-expr.js
---
Input:
function component(a) {
  let t = { t: a };
  let z = +t.t;
  let q = -t.t;
  let p = void t.t;
  let n = delete t.t;
  let m = !t.t;
  let e = ~t.t;
  let f = typeof t.t;
  return { z, p, q, n, m, e, f };
}


Output:
{
  "type": "Program",
  "body": [
    {
      "type": "FunctionDeclaration",
      "id": {
        "type": "Identifier",
        "name": "component",
        "typeAnnotation": null,
        "loc": null,
        "range": {
          "start": 0,
          "end": 1
        }
      },
      "params": [
        {
          "type": "Identifier",
          "name": "a",
          "typeAnnotation": null,
          "loc": null,
          "range": {
            "start": 0,
            "end": 1
          }
        }
      ],
      "body": {
        "type": "BlockStatement",
        "body": [
          {
            "type": "VariableDeclaration",
            "kind": "let",
            "declarations": [
              {
                "type": "VariableDeclarator",
                "id": {
                  "type": "Identifier",
                  "name": "t",
                  "typeAnnotation": null,
                  "loc": null,
                  "range": {
                    "start": 0,
                    "end": 1
                  }
                },
                "init": {
                  "type": "ObjectExpression",
                  "properties": [
                    {
                      "type": "Property",
                      "key": {
                        "type": "Identifier",
                        "name": "t",
                        "typeAnnotation": null,
                        "loc": null,
                        "range": {
                          "start": 0,
                          "end": 1
                        }
                      },
                      "value": {
                        "type": "Identifier",
                        "name": "a",
                        "typeAnnotation": null,
                        "loc": null,
                        "range": {
                          "start": 0,
                          "end": 1
                        }
                      },
                      "kind": "init",
                      "method": false,
                      "shorthand": false,
                      "computed": false,
                      "loc": null,
                      "range": {
                        "start": 0,
                        "end": 1
                      }
                    }
                  ],
                  "loc": null,
                  "range": {
                    "start": 0,
                    "end": 1
                  }
                },
                "loc": null,
                "range": {
                  "start": 0,
                  "end": 1
                }
              }
            ],
            "loc": null,
            "range": {
              "start": 0,
              "end": 1
            }
          },
          {
            "type": "VariableDeclaration",
            "kind": "let",
            "declarations": [
              {
                "type": "VariableDeclarator",
                "id": {
                  "type": "Identifier",
                  "name": "z",
                  "typeAnnotation": null,
                  "loc": null,
                  "range": {
                    "start": 0,
                    "end": 1
                  }
                },
                "init": {
                  "type": "UnaryExpression",
                  "operator": "+",
                  "prefix": true,
                  "argument": {
                    "type": "MemberExpression",
                    "object": {
                      "type": "Identifier",
                      "name": "t",
                      "typeAnnotation": null,
                      "loc": null,
                      "range": {
                        "start": 0,
                        "end": 1
                      }
                    },
                    "property": {
                      "type": "Identifier",
                      "name": "t",
                      "typeAnnotation": null,
                      "loc": null,
                      "range": {
                        "start": 0,
                        "end": 1
                      }
                    },
                    "computed": false,
                    "loc": null,
                    "range": {
                      "start": 0,
                      "end": 1
                    }
                  },
                  "loc": null,
                  "range": {
                    "start": 0,
                    "end": 1
                  }
                },
                "loc": null,
                "range": {
                  "start": 0,
                  "end": 1
                }
              }
            ],
            "loc": null,
            "range": {
              "start": 0,
              "end": 1
            }
          },
          {
            "type": "VariableDeclaration",
            "kind": "let",
            "declarations": [
              {
                "type": "VariableDeclarator",
                "id": {
                  "type": "Identifier",
                  "name": "q",
                  "typeAnnotation": null,
                  "loc": null,
                  "range": {
                    "start": 0,
                    "end": 1
                  }
                },
                "init": {
                  "type": "UnaryExpression",
                  "operator": "-",
                  "prefix": true,
                  "argument": {
                    "type": "MemberExpression",
                    "object": {
                      "type": "Identifier",
                      "name": "t",
                      "typeAnnotation": null,
                      "loc": null,
                      "range": {
                        "start": 0,
                        "end": 1
                      }
                    },
                    "property": {
                      "type": "Identifier",
                      "name": "t",
                      "typeAnnotation": null,
                      "loc": null,
                      "range": {
                        "start": 0,
                        "end": 1
                      }
                    },
                    "computed": false,
                    "loc": null,
                    "range": {
                      "start": 0,
                      "end": 1
                    }
                  },
                  "loc": null,
                  "range": {
                    "start": 0,
                    "end": 1
                  }
                },
                "loc": null,
                "range": {
                  "start": 0,
                  "end": 1
                }
              }
            ],
            "loc": null,
            "range": {
              "start": 0,
              "end": 1
            }
          },
          {
            "type": "VariableDeclaration",
            "kind": "let",
            "declarations": [
              {
                "type": "VariableDeclarator",
                "id": {
                  "type": "Identifier",
                  "name": "p",
                  "typeAnnotation": null,
                  "loc": null,
                  "range": {
                    "start": 0,
                    "end": 1
                  }
                },
                "init": {
                  "type": "UnaryExpression",
                  "operator": "void",
                  "prefix": true,
                  "argument": {
                    "type": "MemberExpression",
                    "object": {
                      "type": "Identifier",
                      "name": "t",
                      "typeAnnotation": null,
                      "loc": null,
                      "range": {
                        "start": 0,
                        "end": 1
                      }
                    },
                    "property": {
                      "type": "Identifier",
                      "name": "t",
                      "typeAnnotation": null,
                      "loc": null,
                      "range": {
                        "start": 0,
                        "end": 1
                      }
                    },
                    "computed": false,
                    "loc": null,
                    "range": {
                      "start": 0,
                      "end": 1
                    }
                  },
                  "loc": null,
                  "range": {
                    "start": 0,
                    "end": 1
                  }
                },
                "loc": null,
                "range": {
                  "start": 0,
                  "end": 1
                }
              }
            ],
            "loc": null,
            "range": {
              "start": 0,
              "end": 1
            }
          },
          {
            "type": "VariableDeclaration",
            "kind": "let",
            "declarations": [
              {
                "type": "VariableDeclarator",
                "id": {
                  "type": "Identifier",
                  "name": "n",
                  "typeAnnotation": null,
                  "loc": null,
                  "range": {
                    "start": 0,
                    "end": 1
                  }
                },
                "init": {
                  "type": "UnaryExpression",
                  "operator": "delete",
                  "prefix": true,
                  "argument": {
                    "type": "MemberExpression",
                    "object": {
                      "type": "Identifier",
                      "name": "t",
                      "typeAnnotation": null,
                      "loc": null,
                      "range": {
                        "start": 0,
                        "end": 1
                      }
                    },
                    "property": {
                      "type": "Identifier",
                      "name": "t",
                      "typeAnnotation": null,
                      "loc": null,
                      "range": {
                        "start": 0,
                        "end": 1
                      }
                    },
                    "computed": false,
                    "loc": null,
                    "range": {
                      "start": 0,
                      "end": 1
                    }
                  },
                  "loc": null,
                  "range": {
                    "start": 0,
                    "end": 1
                  }
                },
                "loc": null,
                "range": {
                  "start": 0,
                  "end": 1
                }
              }
            ],
            "loc": null,
            "range": {
              "start": 0,
              "end": 1
            }
          },
          {
            "type": "VariableDeclaration",
            "kind": "let",
            "declarations": [
              {
                "type": "VariableDeclarator",
                "id": {
                  "type": "Identifier",
                  "name": "m",
                  "typeAnnotation": null,
                  "loc": null,
                  "range": {
                    "start": 0,
                    "end": 1
                  }
                },
                "init": {
                  "type": "UnaryExpression",
                  "operator": "!",
                  "prefix": true,
                  "argument": {
                    "type": "MemberExpression",
                    "object": {
                      "type": "Identifier",
                      "name": "t",
                      "typeAnnotation": null,
                      "loc": null,
                      "range": {
                        "start": 0,
                        "end": 1
                      }
                    },
                    "property": {
                      "type": "Identifier",
                      "name": "t",
                      "typeAnnotation": null,
                      "loc": null,
                      "range": {
                        "start": 0,
                        "end": 1
                      }
                    },
                    "computed": false,
                    "loc": null,
                    "range": {
                      "start": 0,
                      "end": 1
                    }
                  },
                  "loc": null,
                  "range": {
                    "start": 0,
                    "end": 1
                  }
                },
                "loc": null,
                "range": {
                  "start": 0,
                  "end": 1
                }
              }
            ],
            "loc": null,
            "range": {
              "start": 0,
              "end": 1
            }
          },
          {
            "type": "VariableDeclaration",
            "kind": "let",
            "declarations": [
              {
                "type": "VariableDeclarator",
                "id": {
                  "type": "Identifier",
                  "name": "e",
                  "typeAnnotation": null,
                  "loc": null,
                  "range": {
                    "start": 0,
                    "end": 1
                  }
                },
                "init": {
                  "type": "UnaryExpression",
                  "operator": "~",
                  "prefix": true,
                  "argument": {
                    "type": "MemberExpression",
                    "object": {
                      "type": "Identifier",
                      "name": "t",
                      "typeAnnotation": null,
                      "loc": null,
                      "range": {
                        "start": 0,
                        "end": 1
                      }
                    },
                    "property": {
                      "type": "Identifier",
                      "name": "t",
                      "typeAnnotation": null,
                      "loc": null,
                      "range": {
                        "start": 0,
                        "end": 1
                      }
                    },
                    "computed": false,
                    "loc": null,
                    "range": {
                      "start": 0,
                      "end": 1
                    }
                  },
                  "loc": null,
                  "range": {
                    "start": 0,
                    "end": 1
                  }
                },
                "loc": null,
                "range": {
                  "start": 0,
                  "end": 1
                }
              }
            ],
            "loc": null,
            "range": {
              "start": 0,
              "end": 1
            }
          },
          {
            "type": "VariableDeclaration",
            "kind": "let",
            "declarations": [
              {
                "type": "VariableDeclarator",
                "id": {
                  "type": "Identifier",
                  "name": "f",
                  "typeAnnotation": null,
                  "loc": null,
                  "range": {
                    "start": 0,
                    "end": 1
                  }
                },
                "init": {
                  "type": "UnaryExpression",
                  "operator": "typeof",
                  "prefix": true,
                  "argument": {
                    "type": "MemberExpression",
                    "object": {
                      "type": "Identifier",
                      "name": "t",
                      "typeAnnotation": null,
                      "loc": null,
                      "range": {
                        "start": 0,
                        "end": 1
                      }
                    },
                    "property": {
                      "type": "Identifier",
                      "name": "t",
                      "typeAnnotation": null,
                      "loc": null,
                      "range": {
                        "start": 0,
                        "end": 1
                      }
                    },
                    "computed": false,
                    "loc": null,
                    "range": {
                      "start": 0,
                      "end": 1
                    }
                  },
                  "loc": null,
                  "range": {
                    "start": 0,
                    "end": 1
                  }
                },
                "loc": null,
                "range": {
                  "start": 0,
                  "end": 1
                }
              }
            ],
            "loc": null,
            "range": {
              "start": 0,
              "end": 1
            }
          },
          {
            "type": "ReturnStatement",
            "argument": {
              "type": "ObjectExpression",
              "properties": [
                {
                  "type": "Property",
                  "key": {
                    "type": "Identifier",
                    "name": "z",
                    "typeAnnotation": null,
                    "loc": null,
                    "range": {
                      "start": 0,
                      "end": 1
                    }
                  },
                  "value": {
                    "type": "Identifier",
                    "name": "z",
                    "typeAnnotation": null,
                    "loc": null,
                    "range": {
                      "start": 0,
                      "end": 1
                    }
                  },
                  "kind": "init",
                  "method": false,
                  "shorthand": true,
                  "computed": false,
                  "loc": null,
                  "range": {
                    "start": 0,
                    "end": 1
                  }
                },
                {
                  "type": "Property",
                  "key": {
                    "type": "Identifier",
                    "name": "p",
                    "typeAnnotation": null,
                    "loc": null,
                    "range": {
                      "start": 0,
                      "end": 1
                    }
                  },
                  "value": {
                    "type": "Identifier",
                    "name": "p",
                    "typeAnnotation": null,
                    "loc": null,
                    "range": {
                      "start": 0,
                      "end": 1
                    }
                  },
                  "kind": "init",
                  "method": false,
                  "shorthand": true,
                  "computed": false,
                  "loc": null,
                  "range": {
                    "start": 0,
                    "end": 1
                  }
                },
                {
                  "type": "Property",
                  "key": {
                    "type": "Identifier",
                    "name": "q",
                    "typeAnnotation": null,
                    "loc": null,
                    "range": {
                      "start": 0,
                      "end": 1
                    }
                  },
                  "value": {
                    "type": "Identifier",
                    "name": "q",
                    "typeAnnotation": null,
                    "loc": null,
                    "range": {
                      "start": 0,
                      "end": 1
                    }
                  },
                  "kind": "init",
                  "method": false,
                  "shorthand": true,
                  "computed": false,
                  "loc": null,
                  "range": {
                    "start": 0,
                    "end": 1
                  }
                },
                {
                  "type": "Property",
                  "key": {
                    "type": "Identifier",
                    "name": "n",
                    "typeAnnotation": null,
                    "loc": null,
                    "range": {
                      "start": 0,
                      "end": 1
                    }
                  },
                  "value": {
                    "type": "Identifier",
                    "name": "n",
                    "typeAnnotation": null,
                    "loc": null,
                    "range": {
                      "start": 0,
                      "end": 1
                    }
                  },
                  "kind": "init",
                  "method": false,
                  "shorthand": true,
                  "computed": false,
                  "loc": null,
                  "range": {
                    "start": 0,
                    "end": 1
                  }
                },
                {
                  "type": "Property",
                  "key": {
                    "type": "Identifier",
                    "name": "m",
                    "typeAnnotation": null,
                    "loc": null,
                    "range": {
                      "start": 0,
                      "end": 1
                    }
                  },
                  "value": {
                    "type": "Identifier",
                    "name": "m",
                    "typeAnnotation": null,
                    "loc": null,
                    "range": {
                      "start": 0,
                      "end": 1
                    }
                  },
                  "kind": "init",
                  "method": false,
                  "shorthand": true,
                  "computed": false,
                  "loc": null,
                  "range": {
                    "start": 0,
                    "end": 1
                  }
                },
                {
                  "type": "Property",
                  "key": {
                    "type": "Identifier",
                    "name": "e",
                    "typeAnnotation": null,
                    "loc": null,
                    "range": {
                      "start": 0,
                      "end": 1
                    }
                  },
                  "value": {
                    "type": "Identifier",
                    "name": "e",
                    "typeAnnotation": null,
                    "loc": null,
                    "range": {
                      "start": 0,
                      "end": 1
                    }
                  },
                  "kind": "init",
                  "method": false,
                  "shorthand": true,
                  "computed": false,
                  "loc": null,
                  "range": {
                    "start": 0,
                    "end": 1
                  }
                },
                {
                  "type": "Property",
                  "key": {
                    "type": "Identifier",
                    "name": "f",
                    "typeAnnotation": null,
                    "loc": null,
                    "range": {
                      "start": 0,
                      "end": 1
                    }
                  },
                  "value": {
                    "type": "Identifier",
                    "name": "f",
                    "typeAnnotation": null,
                    "loc": null,
                    "range": {
                      "start": 0,
                      "end": 1
                    }
                  },
                  "kind": "init",
                  "method": false,
                  "shorthand": true,
                  "computed": false,
                  "loc": null,
                  "range": {
                    "start": 0,
                    "end": 1
                  }
                }
              ],
              "loc": null,
              "range": {
                "start": 0,
                "end": 1
              }
            },
            "loc": null,
            "range": {
              "start": 0,
              "end": 1
            }
          }
        ],
        "loc": null,
        "range": {
          "start": 0,
          "end": 1
        }
      },
      "generator": false,
      "async": false,
      "loc": null,
      "range": {
        "start": 0,
        "end": 1
      },
      "loc": null,
      "range": {
        "start": 0,
        "end": 1
      }
    }
  ],
  "sourceType": "script",
  "loc": null,
  "range": {
    "start": 0,
    "end": 1
  }
}
