---
source: crates/forget_hermes_parser/tests/parser_test.rs
expression: "format!(\"Input:\\n{input}\\n\\nOutput:\\n{output}\")"
input_file: crates/forget_hermes_parser/tests/fixtures/assignment-expression-computed.js
---
Input:
function Component(props) {
  const x = [props.x];
  const index = 0;
  x[index] *= 2;
  x["0"] += 3;
  return x;
}


Output:
{
  "type": "Program",
  "body": [
    {
      "type": "FunctionDeclaration",
      "id": {
        "type": "Identifier",
        "name": "Component",
        "typeAnnotation": null,
        "loc": null,
        "range": {
          "start": 0,
          "end": 1
        }
      },
      "params": [
        {
          "type": "Identifier",
          "name": "props",
          "typeAnnotation": null,
          "loc": null,
          "range": {
            "start": 0,
            "end": 1
          }
        }
      ],
      "body": {
        "type": "BlockStatement",
        "body": [
          {
            "type": "VariableDeclaration",
            "kind": "const",
            "declarations": [
              {
                "type": "VariableDeclarator",
                "id": {
                  "type": "Identifier",
                  "name": "x",
                  "typeAnnotation": null,
                  "loc": null,
                  "range": {
                    "start": 0,
                    "end": 1
                  }
                },
                "init": {
                  "type": "ArrayExpression",
                  "elements": [
                    {
                      "type": "MemberExpression",
                      "object": {
                        "type": "Identifier",
                        "name": "props",
                        "typeAnnotation": null,
                        "loc": null,
                        "range": {
                          "start": 0,
                          "end": 1
                        }
                      },
                      "property": {
                        "type": "Identifier",
                        "name": "x",
                        "typeAnnotation": null,
                        "loc": null,
                        "range": {
                          "start": 0,
                          "end": 1
                        }
                      },
                      "computed": false,
                      "loc": null,
                      "range": {
                        "start": 0,
                        "end": 1
                      }
                    }
                  ],
                  "loc": null,
                  "range": {
                    "start": 0,
                    "end": 1
                  }
                },
                "loc": null,
                "range": {
                  "start": 0,
                  "end": 1
                }
              }
            ],
            "loc": null,
            "range": {
              "start": 0,
              "end": 1
            }
          },
          {
            "type": "VariableDeclaration",
            "kind": "const",
            "declarations": [
              {
                "type": "VariableDeclarator",
                "id": {
                  "type": "Identifier",
                  "name": "index",
                  "typeAnnotation": null,
                  "loc": null,
                  "range": {
                    "start": 0,
                    "end": 1
                  }
                },
                "init": {
                  "type": "NumericLiteral",
                  "value": 0,
                  "loc": null,
                  "range": {
                    "start": 0,
                    "end": 1
                  }
                },
                "loc": null,
                "range": {
                  "start": 0,
                  "end": 1
                }
              }
            ],
            "loc": null,
            "range": {
              "start": 0,
              "end": 1
            }
          },
          {
            "type": "ExpressionStatement",
            "expression": {
              "type": "AssignmentExpression",
              "operator": "*=",
              "left": {
                "type": "MemberExpression",
                "object": {
                  "type": "Identifier",
                  "name": "x",
                  "typeAnnotation": null,
                  "loc": null,
                  "range": {
                    "start": 0,
                    "end": 1
                  }
                },
                "property": {
                  "type": "Identifier",
                  "name": "index",
                  "typeAnnotation": null,
                  "loc": null,
                  "range": {
                    "start": 0,
                    "end": 1
                  }
                },
                "computed": true,
                "loc": null,
                "range": {
                  "start": 0,
                  "end": 1
                }
              },
              "right": {
                "type": "NumericLiteral",
                "value": 4611686018427387904,
                "loc": null,
                "range": {
                  "start": 0,
                  "end": 1
                }
              },
              "loc": null,
              "range": {
                "start": 0,
                "end": 1
              }
            },
            "directive": null,
            "loc": null,
            "range": {
              "start": 0,
              "end": 1
            }
          },
          {
            "type": "ExpressionStatement",
            "expression": {
              "type": "AssignmentExpression",
              "operator": "+=",
              "left": {
                "type": "MemberExpression",
                "object": {
                  "type": "Identifier",
                  "name": "x",
                  "typeAnnotation": null,
                  "loc": null,
                  "range": {
                    "start": 0,
                    "end": 1
                  }
                },
                "property": {
                  "type": "StringLiteral",
                  "value": "0",
                  "loc": null,
                  "range": {
                    "start": 0,
                    "end": 1
                  }
                },
                "computed": true,
                "loc": null,
                "range": {
                  "start": 0,
                  "end": 1
                }
              },
              "right": {
                "type": "NumericLiteral",
                "value": 4613937818241073152,
                "loc": null,
                "range": {
                  "start": 0,
                  "end": 1
                }
              },
              "loc": null,
              "range": {
                "start": 0,
                "end": 1
              }
            },
            "directive": null,
            "loc": null,
            "range": {
              "start": 0,
              "end": 1
            }
          },
          {
            "type": "ReturnStatement",
            "argument": {
              "type": "Identifier",
              "name": "x",
              "typeAnnotation": null,
              "loc": null,
              "range": {
                "start": 0,
                "end": 1
              }
            },
            "loc": null,
            "range": {
              "start": 0,
              "end": 1
            }
          }
        ],
        "loc": null,
        "range": {
          "start": 0,
          "end": 1
        }
      },
      "generator": false,
      "async": false,
      "loc": null,
      "range": {
        "start": 0,
        "end": 1
      },
      "loc": null,
      "range": {
        "start": 0,
        "end": 1
      }
    }
  ],
  "sourceType": "script",
  "loc": null,
  "range": {
    "start": 0,
    "end": 1
  }
}
