---
source: crates/forget_hermes_parser/tests/parser_test.rs
expression: "format!(\"Input:\\n{input}\\n\\nOutput:\\n{output}\")"
input_file: crates/forget_hermes_parser/tests/fixtures/switch-non-final-default.js
---
Input:
function Component(props) {
  let x = [];
  let y;
  switch (props.p0) {
    case 1: {
      break;
    }
    case true: {
      x.push(props.p2);
      y = [];
    }
    default: {
      break;
    }
    case false: {
      y = x;
      break;
    }
  }
  const child = <Component data={x} />;
  y.push(props.p4);
  return <Component data={y}>{child}</Component>;
}


Output:
{
  "type": "Program",
  "body": [
    {
      "type": "FunctionDeclaration",
      "id": {
        "type": "Identifier",
        "name": "Component",
        "typeAnnotation": null,
        "loc": null,
        "range": {
          "start": 0,
          "end": 1
        }
      },
      "params": [
        {
          "type": "Identifier",
          "name": "props",
          "typeAnnotation": null,
          "loc": null,
          "range": {
            "start": 0,
            "end": 1
          }
        }
      ],
      "body": {
        "type": "BlockStatement",
        "body": [
          {
            "type": "VariableDeclaration",
            "kind": "let",
            "declarations": [
              {
                "type": "VariableDeclarator",
                "id": {
                  "type": "Identifier",
                  "name": "x",
                  "typeAnnotation": null,
                  "loc": null,
                  "range": {
                    "start": 0,
                    "end": 1
                  }
                },
                "init": {
                  "type": "ArrayExpression",
                  "elements": [],
                  "loc": null,
                  "range": {
                    "start": 0,
                    "end": 1
                  }
                },
                "loc": null,
                "range": {
                  "start": 0,
                  "end": 1
                }
              }
            ],
            "loc": null,
            "range": {
              "start": 0,
              "end": 1
            }
          },
          {
            "type": "VariableDeclaration",
            "kind": "let",
            "declarations": [
              {
                "type": "VariableDeclarator",
                "id": {
                  "type": "Identifier",
                  "name": "y",
                  "typeAnnotation": null,
                  "loc": null,
                  "range": {
                    "start": 0,
                    "end": 1
                  }
                },
                "init": null,
                "loc": null,
                "range": {
                  "start": 0,
                  "end": 1
                }
              }
            ],
            "loc": null,
            "range": {
              "start": 0,
              "end": 1
            }
          },
          {
            "type": "SwitchStatement",
            "discriminant": {
              "type": "MemberExpression",
              "object": {
                "type": "Identifier",
                "name": "props",
                "typeAnnotation": null,
                "loc": null,
                "range": {
                  "start": 0,
                  "end": 1
                }
              },
              "property": {
                "type": "Identifier",
                "name": "p0",
                "typeAnnotation": null,
                "loc": null,
                "range": {
                  "start": 0,
                  "end": 1
                }
              },
              "computed": false,
              "loc": null,
              "range": {
                "start": 0,
                "end": 1
              }
            },
            "cases": [
              {
                "type": "SwitchCase",
                "test": {
                  "type": "NumericLiteral",
                  "value": 1.0,
                  "loc": null,
                  "range": {
                    "start": 0,
                    "end": 1
                  }
                },
                "consequent": [
                  {
                    "type": "BlockStatement",
                    "body": [
                      {
                        "type": "BreakStatement",
                        "label": null,
                        "loc": null,
                        "range": {
                          "start": 0,
                          "end": 1
                        }
                      }
                    ],
                    "loc": null,
                    "range": {
                      "start": 0,
                      "end": 1
                    }
                  }
                ],
                "loc": null,
                "range": {
                  "start": 0,
                  "end": 1
                }
              },
              {
                "type": "SwitchCase",
                "test": {
                  "type": "BooleanLiteral",
                  "value": true,
                  "loc": null,
                  "range": {
                    "start": 0,
                    "end": 1
                  }
                },
                "consequent": [
                  {
                    "type": "BlockStatement",
                    "body": [
                      {
                        "type": "ExpressionStatement",
                        "expression": {
                          "type": "CallExpression",
                          "callee": {
                            "type": "MemberExpression",
                            "object": {
                              "type": "Identifier",
                              "name": "x",
                              "typeAnnotation": null,
                              "loc": null,
                              "range": {
                                "start": 0,
                                "end": 1
                              }
                            },
                            "property": {
                              "type": "Identifier",
                              "name": "push",
                              "typeAnnotation": null,
                              "loc": null,
                              "range": {
                                "start": 0,
                                "end": 1
                              }
                            },
                            "computed": false,
                            "loc": null,
                            "range": {
                              "start": 0,
                              "end": 1
                            }
                          },
                          "arguments": [
                            {
                              "type": "MemberExpression",
                              "object": {
                                "type": "Identifier",
                                "name": "props",
                                "typeAnnotation": null,
                                "loc": null,
                                "range": {
                                  "start": 0,
                                  "end": 1
                                }
                              },
                              "property": {
                                "type": "Identifier",
                                "name": "p2",
                                "typeAnnotation": null,
                                "loc": null,
                                "range": {
                                  "start": 0,
                                  "end": 1
                                }
                              },
                              "computed": false,
                              "loc": null,
                              "range": {
                                "start": 0,
                                "end": 1
                              }
                            }
                          ],
                          "loc": null,
                          "range": {
                            "start": 0,
                            "end": 1
                          }
                        },
                        "directive": null,
                        "loc": null,
                        "range": {
                          "start": 0,
                          "end": 1
                        }
                      },
                      {
                        "type": "ExpressionStatement",
                        "expression": {
                          "type": "AssignmentExpression",
                          "operator": "=",
                          "left": {
                            "type": "Identifier",
                            "name": "y",
                            "typeAnnotation": null,
                            "loc": null,
                            "range": {
                              "start": 0,
                              "end": 1
                            }
                          },
                          "right": {
                            "type": "ArrayExpression",
                            "elements": [],
                            "loc": null,
                            "range": {
                              "start": 0,
                              "end": 1
                            }
                          },
                          "loc": null,
                          "range": {
                            "start": 0,
                            "end": 1
                          }
                        },
                        "directive": null,
                        "loc": null,
                        "range": {
                          "start": 0,
                          "end": 1
                        }
                      }
                    ],
                    "loc": null,
                    "range": {
                      "start": 0,
                      "end": 1
                    }
                  }
                ],
                "loc": null,
                "range": {
                  "start": 0,
                  "end": 1
                }
              },
              {
                "type": "SwitchCase",
                "test": null,
                "consequent": [
                  {
                    "type": "BlockStatement",
                    "body": [
                      {
                        "type": "BreakStatement",
                        "label": null,
                        "loc": null,
                        "range": {
                          "start": 0,
                          "end": 1
                        }
                      }
                    ],
                    "loc": null,
                    "range": {
                      "start": 0,
                      "end": 1
                    }
                  }
                ],
                "loc": null,
                "range": {
                  "start": 0,
                  "end": 1
                }
              },
              {
                "type": "SwitchCase",
                "test": {
                  "type": "BooleanLiteral",
                  "value": false,
                  "loc": null,
                  "range": {
                    "start": 0,
                    "end": 1
                  }
                },
                "consequent": [
                  {
                    "type": "BlockStatement",
                    "body": [
                      {
                        "type": "ExpressionStatement",
                        "expression": {
                          "type": "AssignmentExpression",
                          "operator": "=",
                          "left": {
                            "type": "Identifier",
                            "name": "y",
                            "typeAnnotation": null,
                            "loc": null,
                            "range": {
                              "start": 0,
                              "end": 1
                            }
                          },
                          "right": {
                            "type": "Identifier",
                            "name": "x",
                            "typeAnnotation": null,
                            "loc": null,
                            "range": {
                              "start": 0,
                              "end": 1
                            }
                          },
                          "loc": null,
                          "range": {
                            "start": 0,
                            "end": 1
                          }
                        },
                        "directive": null,
                        "loc": null,
                        "range": {
                          "start": 0,
                          "end": 1
                        }
                      },
                      {
                        "type": "BreakStatement",
                        "label": null,
                        "loc": null,
                        "range": {
                          "start": 0,
                          "end": 1
                        }
                      }
                    ],
                    "loc": null,
                    "range": {
                      "start": 0,
                      "end": 1
                    }
                  }
                ],
                "loc": null,
                "range": {
                  "start": 0,
                  "end": 1
                }
              }
            ],
            "loc": null,
            "range": {
              "start": 0,
              "end": 1
            }
          },
          {
            "type": "VariableDeclaration",
            "kind": "const",
            "declarations": [
              {
                "type": "VariableDeclarator",
                "id": {
                  "type": "Identifier",
                  "name": "child",
                  "typeAnnotation": null,
                  "loc": null,
                  "range": {
                    "start": 0,
                    "end": 1
                  }
                },
                "init": {
                  "type": "JSXElement",
                  "openingElement": {
                    "type": "JSXOpeningElement",
                    "name": {
                      "type": "JSXIdentifier",
                      "name": "Component",
                      "loc": null,
                      "range": {
                        "start": 0,
                        "end": 1
                      }
                    },
                    "attributes": [
                      {
                        "type": "JSXAttribute",
                        "name": {
                          "type": "JSXIdentifier",
                          "name": "data",
                          "loc": null,
                          "range": {
                            "start": 0,
                            "end": 1
                          }
                        },
                        "value": {
                          "type": "JSXExpressionContainer",
                          "expression": {
                            "type": "Identifier",
                            "name": "x",
                            "typeAnnotation": null,
                            "loc": null,
                            "range": {
                              "start": 0,
                              "end": 1
                            }
                          },
                          "loc": null,
                          "range": {
                            "start": 0,
                            "end": 1
                          }
                        },
                        "loc": null,
                        "range": {
                          "start": 0,
                          "end": 1
                        }
                      }
                    ],
                    "selfClosing": true,
                    "loc": null,
                    "range": {
                      "start": 0,
                      "end": 1
                    }
                  },
                  "children": [],
                  "closingElement": null,
                  "loc": null,
                  "range": {
                    "start": 0,
                    "end": 1
                  }
                },
                "loc": null,
                "range": {
                  "start": 0,
                  "end": 1
                }
              }
            ],
            "loc": null,
            "range": {
              "start": 0,
              "end": 1
            }
          },
          {
            "type": "ExpressionStatement",
            "expression": {
              "type": "CallExpression",
              "callee": {
                "type": "MemberExpression",
                "object": {
                  "type": "Identifier",
                  "name": "y",
                  "typeAnnotation": null,
                  "loc": null,
                  "range": {
                    "start": 0,
                    "end": 1
                  }
                },
                "property": {
                  "type": "Identifier",
                  "name": "push",
                  "typeAnnotation": null,
                  "loc": null,
                  "range": {
                    "start": 0,
                    "end": 1
                  }
                },
                "computed": false,
                "loc": null,
                "range": {
                  "start": 0,
                  "end": 1
                }
              },
              "arguments": [
                {
                  "type": "MemberExpression",
                  "object": {
                    "type": "Identifier",
                    "name": "props",
                    "typeAnnotation": null,
                    "loc": null,
                    "range": {
                      "start": 0,
                      "end": 1
                    }
                  },
                  "property": {
                    "type": "Identifier",
                    "name": "p4",
                    "typeAnnotation": null,
                    "loc": null,
                    "range": {
                      "start": 0,
                      "end": 1
                    }
                  },
                  "computed": false,
                  "loc": null,
                  "range": {
                    "start": 0,
                    "end": 1
                  }
                }
              ],
              "loc": null,
              "range": {
                "start": 0,
                "end": 1
              }
            },
            "directive": null,
            "loc": null,
            "range": {
              "start": 0,
              "end": 1
            }
          },
          {
            "type": "ReturnStatement",
            "argument": {
              "type": "JSXElement",
              "openingElement": {
                "type": "JSXOpeningElement",
                "name": {
                  "type": "JSXIdentifier",
                  "name": "Component",
                  "loc": null,
                  "range": {
                    "start": 0,
                    "end": 1
                  }
                },
                "attributes": [
                  {
                    "type": "JSXAttribute",
                    "name": {
                      "type": "JSXIdentifier",
                      "name": "data",
                      "loc": null,
                      "range": {
                        "start": 0,
                        "end": 1
                      }
                    },
                    "value": {
                      "type": "JSXExpressionContainer",
                      "expression": {
                        "type": "Identifier",
                        "name": "y",
                        "typeAnnotation": null,
                        "loc": null,
                        "range": {
                          "start": 0,
                          "end": 1
                        }
                      },
                      "loc": null,
                      "range": {
                        "start": 0,
                        "end": 1
                      }
                    },
                    "loc": null,
                    "range": {
                      "start": 0,
                      "end": 1
                    }
                  }
                ],
                "selfClosing": false,
                "loc": null,
                "range": {
                  "start": 0,
                  "end": 1
                }
              },
              "children": [
                {
                  "type": "JSXExpressionContainer",
                  "expression": {
                    "type": "Identifier",
                    "name": "child",
                    "typeAnnotation": null,
                    "loc": null,
                    "range": {
                      "start": 0,
                      "end": 1
                    }
                  },
                  "loc": null,
                  "range": {
                    "start": 0,
                    "end": 1
                  }
                }
              ],
              "closingElement": {
                "type": "JSXClosingElement",
                "name": {
                  "type": "JSXIdentifier",
                  "name": "Component",
                  "loc": null,
                  "range": {
                    "start": 0,
                    "end": 1
                  }
                },
                "loc": null,
                "range": {
                  "start": 0,
                  "end": 1
                }
              },
              "loc": null,
              "range": {
                "start": 0,
                "end": 1
              }
            },
            "loc": null,
            "range": {
              "start": 0,
              "end": 1
            }
          }
        ],
        "loc": null,
        "range": {
          "start": 0,
          "end": 1
        }
      },
      "generator": false,
      "async": false,
      "loc": null,
      "range": {
        "start": 0,
        "end": 1
      },
      "loc": null,
      "range": {
        "start": 0,
        "end": 1
      }
    }
  ],
  "sourceType": "script",
  "loc": null,
  "range": {
    "start": 0,
    "end": 1
  }
}
