---
source: crates/forget_hermes_parser/tests/parser_test.rs
expression: "format!(\"Input:\\n{input}\\n\\nOutput:\\n{output}\")"
input_file: crates/forget_hermes_parser/tests/fixtures/fbt-call.js
---
Input:
import fbt from "fbt";

function Component(props) {
  const text = fbt(
    `${fbt.param("(key) count", props.count)} items`,
    "(description) Number of items"
  );
  return <div>{text}</div>;
}


Output:
{
  "type": "Program",
  "body": [
    {
      "type": "ImportDeclaration",
      "specifiers": [
        {
          "type": "ImportDefaultSpecifier",
          "local": {
            "type": "Identifier",
            "name": "fbt",
            "typeAnnotation": null,
            "loc": null,
            "range": {
              "start": 0,
              "end": 1
            }
          },
          "loc": null,
          "range": {
            "start": 0,
            "end": 1
          }
        }
      ],
      "source": {
        "type": "StringLiteral",
        "value": "fbt",
        "loc": null,
        "range": {
          "start": 0,
          "end": 1
        }
      },
      "loc": null,
      "range": {
        "start": 0,
        "end": 1
      }
    },
    {
      "type": "FunctionDeclaration",
      "id": {
        "type": "Identifier",
        "name": "Component",
        "typeAnnotation": null,
        "loc": null,
        "range": {
          "start": 0,
          "end": 1
        }
      },
      "params": [
        {
          "type": "Identifier",
          "name": "props",
          "typeAnnotation": null,
          "loc": null,
          "range": {
            "start": 0,
            "end": 1
          }
        }
      ],
      "body": {
        "type": "BlockStatement",
        "body": [
          {
            "type": "VariableDeclaration",
            "kind": "const",
            "declarations": [
              {
                "type": "VariableDeclarator",
                "id": {
                  "type": "Identifier",
                  "name": "text",
                  "typeAnnotation": null,
                  "loc": null,
                  "range": {
                    "start": 0,
                    "end": 1
                  }
                },
                "init": {
                  "type": "CallExpression",
                  "callee": {
                    "type": "Identifier",
                    "name": "fbt",
                    "typeAnnotation": null,
                    "loc": null,
                    "range": {
                      "start": 0,
                      "end": 1
                    }
                  },
                  "arguments": [
                    {
                      "type": "TemplateLiteral",
                      "quasis": [
                        {
                          "type": "TemplateElement",
                          "tail": false,
                          "value": {
                            "cooked": "",
                            "raw": ""
                          },
                          "loc": null,
                          "range": {
                            "start": 0,
                            "end": 1
                          }
                        },
                        {
                          "type": "TemplateElement",
                          "tail": true,
                          "value": {
                            "cooked": " items",
                            "raw": " items"
                          },
                          "loc": null,
                          "range": {
                            "start": 0,
                            "end": 1
                          }
                        }
                      ],
                      "expressions": [
                        {
                          "type": "CallExpression",
                          "callee": {
                            "type": "MemberExpression",
                            "object": {
                              "type": "Identifier",
                              "name": "fbt",
                              "typeAnnotation": null,
                              "loc": null,
                              "range": {
                                "start": 0,
                                "end": 1
                              }
                            },
                            "property": {
                              "type": "Identifier",
                              "name": "param",
                              "typeAnnotation": null,
                              "loc": null,
                              "range": {
                                "start": 0,
                                "end": 1
                              }
                            },
                            "computed": false,
                            "loc": null,
                            "range": {
                              "start": 0,
                              "end": 1
                            }
                          },
                          "arguments": [
                            {
                              "type": "StringLiteral",
                              "value": "(key) count",
                              "loc": null,
                              "range": {
                                "start": 0,
                                "end": 1
                              }
                            },
                            {
                              "type": "MemberExpression",
                              "object": {
                                "type": "Identifier",
                                "name": "props",
                                "typeAnnotation": null,
                                "loc": null,
                                "range": {
                                  "start": 0,
                                  "end": 1
                                }
                              },
                              "property": {
                                "type": "Identifier",
                                "name": "count",
                                "typeAnnotation": null,
                                "loc": null,
                                "range": {
                                  "start": 0,
                                  "end": 1
                                }
                              },
                              "computed": false,
                              "loc": null,
                              "range": {
                                "start": 0,
                                "end": 1
                              }
                            }
                          ],
                          "loc": null,
                          "range": {
                            "start": 0,
                            "end": 1
                          }
                        }
                      ],
                      "loc": null,
                      "range": {
                        "start": 0,
                        "end": 1
                      }
                    },
                    {
                      "type": "StringLiteral",
                      "value": "(description) Number of items",
                      "loc": null,
                      "range": {
                        "start": 0,
                        "end": 1
                      }
                    }
                  ],
                  "loc": null,
                  "range": {
                    "start": 0,
                    "end": 1
                  }
                },
                "loc": null,
                "range": {
                  "start": 0,
                  "end": 1
                }
              }
            ],
            "loc": null,
            "range": {
              "start": 0,
              "end": 1
            }
          },
          {
            "type": "ReturnStatement",
            "argument": {
              "type": "JSXElement",
              "openingElement": {
                "type": "JSXOpeningElement",
                "name": {
                  "type": "JSXIdentifier",
                  "name": "div",
                  "loc": null,
                  "range": {
                    "start": 0,
                    "end": 1
                  }
                },
                "attributes": [],
                "selfClosing": false,
                "loc": null,
                "range": {
                  "start": 0,
                  "end": 1
                }
              },
              "children": [
                {
                  "type": "JSXExpressionContainer",
                  "expression": {
                    "type": "Identifier",
                    "name": "text",
                    "typeAnnotation": null,
                    "loc": null,
                    "range": {
                      "start": 0,
                      "end": 1
                    }
                  },
                  "loc": null,
                  "range": {
                    "start": 0,
                    "end": 1
                  }
                }
              ],
              "closingElement": {
                "type": "JSXClosingElement",
                "name": {
                  "type": "JSXIdentifier",
                  "name": "div",
                  "loc": null,
                  "range": {
                    "start": 0,
                    "end": 1
                  }
                },
                "loc": null,
                "range": {
                  "start": 0,
                  "end": 1
                }
              },
              "loc": null,
              "range": {
                "start": 0,
                "end": 1
              }
            },
            "loc": null,
            "range": {
              "start": 0,
              "end": 1
            }
          }
        ],
        "loc": null,
        "range": {
          "start": 0,
          "end": 1
        }
      },
      "generator": false,
      "async": false,
      "loc": null,
      "range": {
        "start": 0,
        "end": 1
      },
      "loc": null,
      "range": {
        "start": 0,
        "end": 1
      }
    }
  ],
  "sourceType": "script",
  "loc": null,
  "range": {
    "start": 0,
    "end": 1
  }
}
