---
source: crates/forget_hermes_parser/tests/parser_test.rs
expression: "format!(\"Input:\\n{input}\\n\\nOutput:\\n{output}\")"
input_file: crates/forget_hermes_parser/tests/fixtures/nested-scopes-hook-call.js
---
Input:
function component(props) {
  let x = [];
  let y = [];
  y.push(useHook(props.foo));
  x.push(y);
  return x;
}


Output:
{
  "type": "Program",
  "body": [
    {
      "type": "FunctionDeclaration",
      "id": {
        "type": "Identifier",
        "name": "component",
        "typeAnnotation": null,
        "loc": null,
        "range": {
          "start": 9,
          "end": 18
        }
      },
      "params": [
        {
          "type": "Identifier",
          "name": "props",
          "typeAnnotation": null,
          "loc": null,
          "range": {
            "start": 19,
            "end": 24
          }
        }
      ],
      "body": {
        "type": "BlockStatement",
        "body": [
          {
            "type": "VariableDeclaration",
            "kind": "let",
            "declarations": [
              {
                "type": "VariableDeclarator",
                "id": {
                  "type": "Identifier",
                  "name": "x",
                  "typeAnnotation": null,
                  "loc": null,
                  "range": {
                    "start": 34,
                    "end": 35
                  }
                },
                "init": {
                  "type": "ArrayExpression",
                  "elements": [],
                  "loc": null,
                  "range": {
                    "start": 38,
                    "end": 40
                  }
                },
                "loc": null,
                "range": {
                  "start": 34,
                  "end": 40
                }
              }
            ],
            "loc": null,
            "range": {
              "start": 30,
              "end": 41
            }
          },
          {
            "type": "VariableDeclaration",
            "kind": "let",
            "declarations": [
              {
                "type": "VariableDeclarator",
                "id": {
                  "type": "Identifier",
                  "name": "y",
                  "typeAnnotation": null,
                  "loc": null,
                  "range": {
                    "start": 48,
                    "end": 49
                  }
                },
                "init": {
                  "type": "ArrayExpression",
                  "elements": [],
                  "loc": null,
                  "range": {
                    "start": 52,
                    "end": 54
                  }
                },
                "loc": null,
                "range": {
                  "start": 48,
                  "end": 54
                }
              }
            ],
            "loc": null,
            "range": {
              "start": 44,
              "end": 55
            }
          },
          {
            "type": "ExpressionStatement",
            "expression": {
              "type": "CallExpression",
              "callee": {
                "type": "MemberExpression",
                "object": {
                  "type": "Identifier",
                  "name": "y",
                  "typeAnnotation": null,
                  "loc": null,
                  "range": {
                    "start": 58,
                    "end": 59
                  }
                },
                "property": {
                  "type": "Identifier",
                  "name": "push",
                  "typeAnnotation": null,
                  "loc": null,
                  "range": {
                    "start": 60,
                    "end": 64
                  }
                },
                "computed": false,
                "loc": null,
                "range": {
                  "start": 58,
                  "end": 64
                }
              },
              "arguments": [
                {
                  "type": "CallExpression",
                  "callee": {
                    "type": "Identifier",
                    "name": "useHook",
                    "typeAnnotation": null,
                    "loc": null,
                    "range": {
                      "start": 65,
                      "end": 72
                    }
                  },
                  "arguments": [
                    {
                      "type": "MemberExpression",
                      "object": {
                        "type": "Identifier",
                        "name": "props",
                        "typeAnnotation": null,
                        "loc": null,
                        "range": {
                          "start": 73,
                          "end": 78
                        }
                      },
                      "property": {
                        "type": "Identifier",
                        "name": "foo",
                        "typeAnnotation": null,
                        "loc": null,
                        "range": {
                          "start": 79,
                          "end": 82
                        }
                      },
                      "computed": false,
                      "loc": null,
                      "range": {
                        "start": 73,
                        "end": 82
                      }
                    }
                  ],
                  "loc": null,
                  "range": {
                    "start": 65,
                    "end": 83
                  }
                }
              ],
              "loc": null,
              "range": {
                "start": 58,
                "end": 84
              }
            },
            "directive": null,
            "loc": null,
            "range": {
              "start": 58,
              "end": 85
            }
          },
          {
            "type": "ExpressionStatement",
            "expression": {
              "type": "CallExpression",
              "callee": {
                "type": "MemberExpression",
                "object": {
                  "type": "Identifier",
                  "name": "x",
                  "typeAnnotation": null,
                  "loc": null,
                  "range": {
                    "start": 88,
                    "end": 89
                  }
                },
                "property": {
                  "type": "Identifier",
                  "name": "push",
                  "typeAnnotation": null,
                  "loc": null,
                  "range": {
                    "start": 90,
                    "end": 94
                  }
                },
                "computed": false,
                "loc": null,
                "range": {
                  "start": 88,
                  "end": 94
                }
              },
              "arguments": [
                {
                  "type": "Identifier",
                  "name": "y",
                  "typeAnnotation": null,
                  "loc": null,
                  "range": {
                    "start": 95,
                    "end": 96
                  }
                }
              ],
              "loc": null,
              "range": {
                "start": 88,
                "end": 97
              }
            },
            "directive": null,
            "loc": null,
            "range": {
              "start": 88,
              "end": 98
            }
          },
          {
            "type": "ReturnStatement",
            "argument": {
              "type": "Identifier",
              "name": "x",
              "typeAnnotation": null,
              "loc": null,
              "range": {
                "start": 108,
                "end": 109
              }
            },
            "loc": null,
            "range": {
              "start": 101,
              "end": 110
            }
          }
        ],
        "loc": null,
        "range": {
          "start": 26,
          "end": 112
        }
      },
      "generator": false,
      "async": false,
      "loc": null,
      "range": {
        "start": 0,
        "end": 112
      },
      "loc": null,
      "range": {
        "start": 0,
        "end": 112
      }
    }
  ],
  "sourceType": "script",
  "loc": null,
  "range": {
    "start": 0,
    "end": 112
  }
}
