---
source: crates/forget_hermes_parser/tests/parser_test.rs
expression: "format!(\"Input:\\n{input}\\n\\nOutput:\\n{output}\")"
input_file: crates/forget_hermes_parser/tests/fixtures/for-empty-update-with-continue.js
---
Input:
function Component(props) {
  let x = 0;
  for (let i = 0; i < props.count; ) {
    x += i;
    i += 1;
    continue;
  }
  return x;
}


Output:
{
  "type": "Program",
  "body": [
    {
      "type": "FunctionDeclaration",
      "id": {
        "type": "Identifier",
        "name": "Component",
        "typeAnnotation": null,
        "loc": null,
        "range": {
          "start": 9,
          "end": 18
        }
      },
      "params": [
        {
          "type": "Identifier",
          "name": "props",
          "typeAnnotation": null,
          "loc": null,
          "range": {
            "start": 19,
            "end": 24
          }
        }
      ],
      "body": {
        "type": "BlockStatement",
        "body": [
          {
            "type": "VariableDeclaration",
            "kind": "let",
            "declarations": [
              {
                "type": "VariableDeclarator",
                "id": {
                  "type": "Identifier",
                  "name": "x",
                  "typeAnnotation": null,
                  "loc": null,
                  "range": {
                    "start": 34,
                    "end": 35
                  }
                },
                "init": {
                  "type": "NumericLiteral",
                  "value": 0.0,
                  "loc": null,
                  "range": {
                    "start": 38,
                    "end": 39
                  }
                },
                "loc": null,
                "range": {
                  "start": 34,
                  "end": 39
                }
              }
            ],
            "loc": null,
            "range": {
              "start": 30,
              "end": 40
            }
          },
          {
            "type": "ForStatement",
            "init": {
              "type": "VariableDeclaration",
              "kind": "let",
              "declarations": [
                {
                  "type": "VariableDeclarator",
                  "id": {
                    "type": "Identifier",
                    "name": "i",
                    "typeAnnotation": null,
                    "loc": null,
                    "range": {
                      "start": 52,
                      "end": 53
                    }
                  },
                  "init": {
                    "type": "NumericLiteral",
                    "value": 0.0,
                    "loc": null,
                    "range": {
                      "start": 56,
                      "end": 57
                    }
                  },
                  "loc": null,
                  "range": {
                    "start": 52,
                    "end": 57
                  }
                }
              ],
              "loc": null,
              "range": {
                "start": 48,
                "end": 57
              }
            },
            "test": {
              "type": "BinaryExpression",
              "left": {
                "type": "Identifier",
                "name": "i",
                "typeAnnotation": null,
                "loc": null,
                "range": {
                  "start": 59,
                  "end": 60
                }
              },
              "operator": "<",
              "right": {
                "type": "MemberExpression",
                "object": {
                  "type": "Identifier",
                  "name": "props",
                  "typeAnnotation": null,
                  "loc": null,
                  "range": {
                    "start": 63,
                    "end": 68
                  }
                },
                "property": {
                  "type": "Identifier",
                  "name": "count",
                  "typeAnnotation": null,
                  "loc": null,
                  "range": {
                    "start": 69,
                    "end": 74
                  }
                },
                "computed": false,
                "loc": null,
                "range": {
                  "start": 63,
                  "end": 74
                }
              },
              "loc": null,
              "range": {
                "start": 59,
                "end": 74
              }
            },
            "update": null,
            "body": {
              "type": "BlockStatement",
              "body": [
                {
                  "type": "ExpressionStatement",
                  "expression": {
                    "type": "AssignmentExpression",
                    "operator": "+=",
                    "left": {
                      "type": "Identifier",
                      "name": "x",
                      "typeAnnotation": null,
                      "loc": null,
                      "range": {
                        "start": 84,
                        "end": 85
                      }
                    },
                    "right": {
                      "type": "Identifier",
                      "name": "i",
                      "typeAnnotation": null,
                      "loc": null,
                      "range": {
                        "start": 89,
                        "end": 90
                      }
                    },
                    "loc": null,
                    "range": {
                      "start": 84,
                      "end": 90
                    }
                  },
                  "directive": null,
                  "loc": null,
                  "range": {
                    "start": 84,
                    "end": 91
                  }
                },
                {
                  "type": "ExpressionStatement",
                  "expression": {
                    "type": "AssignmentExpression",
                    "operator": "+=",
                    "left": {
                      "type": "Identifier",
                      "name": "i",
                      "typeAnnotation": null,
                      "loc": null,
                      "range": {
                        "start": 96,
                        "end": 97
                      }
                    },
                    "right": {
                      "type": "NumericLiteral",
                      "value": 1.0,
                      "loc": null,
                      "range": {
                        "start": 101,
                        "end": 102
                      }
                    },
                    "loc": null,
                    "range": {
                      "start": 96,
                      "end": 102
                    }
                  },
                  "directive": null,
                  "loc": null,
                  "range": {
                    "start": 96,
                    "end": 103
                  }
                },
                {
                  "type": "ContinueStatement",
                  "label": null,
                  "loc": null,
                  "range": {
                    "start": 108,
                    "end": 117
                  }
                }
              ],
              "loc": null,
              "range": {
                "start": 78,
                "end": 121
              }
            },
            "loc": null,
            "range": {
              "start": 43,
              "end": 121
            }
          },
          {
            "type": "ReturnStatement",
            "argument": {
              "type": "Identifier",
              "name": "x",
              "typeAnnotation": null,
              "loc": null,
              "range": {
                "start": 131,
                "end": 132
              }
            },
            "loc": null,
            "range": {
              "start": 124,
              "end": 133
            }
          }
        ],
        "loc": null,
        "range": {
          "start": 26,
          "end": 135
        }
      },
      "generator": false,
      "async": false,
      "loc": null,
      "range": {
        "start": 0,
        "end": 135
      },
      "loc": null,
      "range": {
        "start": 0,
        "end": 135
      }
    }
  ],
  "sourceType": "script",
  "loc": null,
  "range": {
    "start": 0,
    "end": 135
  }
}
